Component: ARM Compiler 5.06 update 7 (build 960) Tool: armlink [4d3601]

==============================================================================

Section Cross References

    main.o(i.main) refers to misc.o(i.NVIC_PriorityGroupConfig) for NVIC_PriorityGroupConfig
    main.o(i.main) refers to delay.o(i.delay_init) for delay_init
    main.o(i.main) refers to sys.o(i.JTAG_Set) for JTAG_Set
    main.o(i.main) refers to led.o(i.LED_Init) for LED_Init
    main.o(i.main) refers to key.o(i.KEY_Init) for KEY_Init
    main.o(i.main) refers to oled.o(i.OLED_Init) for OLED_Init
    main.o(i.main) refers to can.o(i.CAN1_Mode_Init) for CAN1_Mode_Init
    main.o(i.main) refers to usart.o(i.uart_init) for uart_init
    main.o(i.main) refers to usart2.o(i.uart2_init) for uart2_init
    main.o(i.main) refers to usart3.o(i.uart3_init) for uart3_init
    main.o(i.main) refers to usart4.o(i.uart4_init) for uart4_init
    main.o(i.main) refers to usart5.o(i.uart5_init) for uart5_init
    main.o(i.main) refers to time.o(i.time5_init) for time5_init
    main.o(i.main) refers to oled.o(i.oled_show) for oled_show
    main.o(i.main) refers to usart2.o(i.Lidar1_Data_Deal) for Lidar1_Data_Deal
    main.o(i.main) refers to usart5.o(i.Lidar2_Data_Deal) for Lidar2_Data_Deal
    main.o(i.main) refers to usart4.o(i.Lidar3_Data_Deal) for Lidar3_Data_Deal
    main.o(i.main) refers to usart3.o(i.Lidar4_Data_Deal) for Lidar4_Data_Deal
    main.o(i.main) refers to main.o(.data) for USE_CAN_FLAG
    system_stm32f10x.o(i.SetSysClock) refers to system_stm32f10x.o(i.SetSysClockTo72) for SetSysClockTo72
    system_stm32f10x.o(i.SystemCoreClockUpdate) refers to system_stm32f10x.o(.data) for SystemCoreClock
    system_stm32f10x.o(i.SystemInit) refers to system_stm32f10x.o(i.SetSysClock) for SetSysClock
    startup_stm32f10x_hd.o(STACK) refers (Special) to heapauxi.o(.text) for __use_two_region_memory
    startup_stm32f10x_hd.o(HEAP) refers (Special) to heapauxi.o(.text) for __use_two_region_memory
    startup_stm32f10x_hd.o(RESET) refers (Special) to heapauxi.o(.text) for __use_two_region_memory
    startup_stm32f10x_hd.o(RESET) refers to startup_stm32f10x_hd.o(STACK) for __initial_sp
    startup_stm32f10x_hd.o(RESET) refers to startup_stm32f10x_hd.o(.text) for Reset_Handler
    startup_stm32f10x_hd.o(RESET) refers to stm32f10x_it.o(i.NMI_Handler) for NMI_Handler
    startup_stm32f10x_hd.o(RESET) refers to stm32f10x_it.o(i.HardFault_Handler) for HardFault_Handler
    startup_stm32f10x_hd.o(RESET) refers to stm32f10x_it.o(i.MemManage_Handler) for MemManage_Handler
    startup_stm32f10x_hd.o(RESET) refers to stm32f10x_it.o(i.BusFault_Handler) for BusFault_Handler
    startup_stm32f10x_hd.o(RESET) refers to stm32f10x_it.o(i.UsageFault_Handler) for UsageFault_Handler
    startup_stm32f10x_hd.o(RESET) refers to stm32f10x_it.o(i.SVC_Handler) for SVC_Handler
    startup_stm32f10x_hd.o(RESET) refers to stm32f10x_it.o(i.DebugMon_Handler) for DebugMon_Handler
    startup_stm32f10x_hd.o(RESET) refers to stm32f10x_it.o(i.PendSV_Handler) for PendSV_Handler
    startup_stm32f10x_hd.o(RESET) refers to stm32f10x_it.o(i.SysTick_Handler) for SysTick_Handler
    startup_stm32f10x_hd.o(RESET) refers to usart.o(i.USART1_IRQHandler) for USART1_IRQHandler
    startup_stm32f10x_hd.o(RESET) refers to usart2.o(i.USART2_IRQHandler) for USART2_IRQHandler
    startup_stm32f10x_hd.o(RESET) refers to usart3.o(i.USART3_IRQHandler) for USART3_IRQHandler
    startup_stm32f10x_hd.o(RESET) refers to time.o(i.TIM5_IRQHandler) for TIM5_IRQHandler
    startup_stm32f10x_hd.o(RESET) refers to usart4.o(i.UART4_IRQHandler) for UART4_IRQHandler
    startup_stm32f10x_hd.o(RESET) refers to usart5.o(i.UART5_IRQHandler) for UART5_IRQHandler
    startup_stm32f10x_hd.o(.text) refers (Special) to heapauxi.o(.text) for __use_two_region_memory
    startup_stm32f10x_hd.o(.text) refers to system_stm32f10x.o(i.SystemInit) for SystemInit
    startup_stm32f10x_hd.o(.text) refers to __main.o(!!!main) for __main
    startup_stm32f10x_hd.o(.text) refers to startup_stm32f10x_hd.o(HEAP) for Heap_Mem
    startup_stm32f10x_hd.o(.text) refers to startup_stm32f10x_hd.o(STACK) for Stack_Mem
    stm32f10x_adc.o(i.ADC_DeInit) refers to stm32f10x_rcc.o(i.RCC_APB2PeriphResetCmd) for RCC_APB2PeriphResetCmd
    stm32f10x_bkp.o(i.BKP_DeInit) refers to stm32f10x_rcc.o(i.RCC_BackupResetCmd) for RCC_BackupResetCmd
    stm32f10x_can.o(i.CAN_DeInit) refers to stm32f10x_rcc.o(i.RCC_APB1PeriphResetCmd) for RCC_APB1PeriphResetCmd
    stm32f10x_can.o(i.CAN_GetITStatus) refers to stm32f10x_can.o(i.CheckITStatus) for CheckITStatus
    stm32f10x_cec.o(i.CEC_DeInit) refers to stm32f10x_rcc.o(i.RCC_APB1PeriphResetCmd) for RCC_APB1PeriphResetCmd
    stm32f10x_dac.o(i.DAC_DeInit) refers to stm32f10x_rcc.o(i.RCC_APB1PeriphResetCmd) for RCC_APB1PeriphResetCmd
[...]
    ..\HARDWARE\usart3.c                     0x00000000   Number         0  usart3.o ABSOLUTE
    ..\HARDWARE\usart4.c                     0x00000000   Number         0  usart4.o ABSOLUTE
    ..\HARDWARE\usart5.c                     0x00000000   Number         0  usart5.o ABSOLUTE
    ..\STM32F10x_FWLib\src\misc.c            0x00000000   Number         0  misc.o ABSOLUTE
    ..\STM32F10x_FWLib\src\stm32f10x_adc.c   0x00000000   Number         0  stm32f10x_adc.o ABSOLUTE
    ..\STM32F10x_FWLib\src\stm32f10x_bkp.c   0x00000000   Number         0  stm32f10x_bkp.o ABSOLUTE
    ..\STM32F10x_FWLib\src\stm32f10x_can.c   0x00000000   Number         0  stm32f10x_can.o ABSOLUTE
    ..\STM32F10x_FWLib\src\stm32f10x_cec.c   0x00000000   Number         0  stm32f10x_cec.o ABSOLUTE
    ..\STM32F10x_FWLib\src\stm32f10x_crc.c   0x00000000   Number         0  stm32f10x_crc.o ABSOLUTE
    ..\STM32F10x_FWLib\src\stm32f10x_dac.c   0x00000000   Number         0  stm32f10x_dac.o ABSOLUTE
    ..\STM32F10x_FWLib\src\stm32f10x_dbgmcu.c 0x00000000   Number         0  stm32f10x_dbgmcu.o ABSOLUTE
    ..\STM32F10x_FWLib\src\stm32f10x_dma.c   0x00000000   Number         0  stm32f10x_dma.o ABSOLUTE
    ..\STM32F10x_FWLib\src\stm32f10x_exti.c  0x00000000   Number         0  stm32f10x_exti.o ABSOLUTE
    ..\STM32F10x_FWLib\src\stm32f10x_flash.c 0x00000000   Number         0  stm32f10x_flash.o ABSOLUTE
    ..\STM32F10x_FWLib\src\stm32f10x_fsmc.c  0x00000000   Number         0  stm32f10x_fsmc.o ABSOLUTE
    ..\STM32F10x_FWLib\src\stm32f10x_gpio.c  0x00000000   Number         0  stm32f10x_gpio.o ABSOLUTE
    ..\STM32F10x_FWLib\src\stm32f10x_i2c.c   0x00000000   Number         0  stm32f10x_i2c.o ABSOLUTE
    ..\STM32F10x_FWLib\src\stm32f10x_iwdg.c  0x00000000   Number         0  stm32f10x_iwdg.o ABSOLUTE
    ..\STM32F10x_FWLib\src\stm32f10x_pwr.c   0x00000000   Number         0  stm32f10x_pwr.o ABSOLUTE
    ..\STM32F10x_FWLib\src\stm32f10x_rcc.c   0x00000000   Number         0  stm32f10x_rcc.o ABSOLUTE
    ..\STM32F10x_FWLib\src\stm32f10x_rtc.c   0x00000000   Number         0  stm32f10x_rtc.o ABSOLUTE
    ..\STM32F10x_FWLib\src\stm32f10x_sdio.c  0x00000000   Number         0  stm32f10x_sdio.o ABSOLUTE
    ..\STM32F10x_FWLib\src\stm32f10x_spi.c   0x00000000   Number         0  stm32f10x_spi.o ABSOLUTE
    ..\STM32F10x_FWLib\src\stm32f10x_tim.c   0x00000000   Number         0  stm32f10x_tim.o ABSOLUTE
    ..\STM32F10x_FWLib\src\stm32f10x_usart.c 0x00000000   Number         0  stm32f10x_usart.o ABSOLUTE
    ..\STM32F10x_FWLib\src\stm32f10x_wwdg.c  0x00000000   Number         0  stm32f10x_wwdg.o ABSOLUTE
    ..\SYSTEM\delay\delay.c                  0x00000000   Number         0  delay.o ABSOLUTE
    ..\SYSTEM\sys\sys.c                      0x00000000   Number         0  sys.o ABSOLUTE
    ..\SYSTEM\usart\usart.c                  0x00000000   Number         0  usart.o ABSOLUTE
    ..\\CORE\\core_cm3.c                     0x00000000   Number         0  core_cm3.o ABSOLUTE
    ..\\SYSTEM\\sys\\sys.c                   0x00000000   Number         0  sys.o ABSOLUTE
    dc.s                                     0x00000000   Number         0  dc.o ABSOLUTE
    main.c                                   0x00000000   Number         0  main.o ABSOLUTE
    stm32f10x_it.c                           0x00000000   Number         0  stm32f10x_it.o ABSOLUTE
    system_stm32f10x.c                       0x00000000   Number         0  system_stm32f10x.o ABSOLUTE
    RESET                                    0x08000000   Section      304  startup_stm32f10x_hd.o(RESET)
    !!!main                                  0x08000130   Section        8  __main.o(!!!main)
    !!!scatter                               0x08000138   Section       52  __scatter.o(!!!scatter)
    !!handler_copy                           0x0800016c   Section       26  __scatter_copy.o(!!handler_copy)
    !!handler_zi                             0x08000188   Section       28  __scatter_zi.o(!!handler_zi)
    .ARM.Collect$$_printf_percent$$00000000  0x080001a4   Section        0  _printf_percent.o(.ARM.Collect$$_printf_percent$$00000000)
    .ARM.Collect$$_printf_percent$$00000009  0x080001a4   Section        6  _printf_d.o(.ARM.Collect$$_printf_percent$$00000009)
    .ARM.Collect$$_printf_percent$$00000017  0x080001aa   Section        4  _printf_percent_end.o(.ARM.Collect$$_printf_percent$$00000017)
    .ARM.Collect$$libinit$$00000000          0x080001ae   Section        2  libinit.o(.ARM.Collect$$libinit$$00000000)
    .ARM.Collect$$libinit$$00000002          0x080001b0   Section        0  libinit2.o(.ARM.Collect$$libinit$$00000002)
    .ARM.Collect$$libinit$$00000004          0x080001b0   Section        0  libinit2.o(.ARM.Collect$$libinit$$00000004)
    .ARM.Collect$$libinit$$0000000A          0x080001b0   Section        0  libinit2.o(.ARM.Collect$$libinit$$0000000A)
    .ARM.Collect$$libinit$$0000000C          0x080001b0   Section        0  libinit2.o(.ARM.Collect$$libinit$$0000000C)
    .ARM.Collect$$libinit$$0000000E          0x080001b0   Section        0  libinit2.o(.ARM.Collect$$libinit$$0000000E)
    .ARM.Collect$$libinit$$00000011          0x080001b0   Section        0  libinit2.o(.ARM.Collect$$libinit$$00000011)
    .ARM.Collect$$libinit$$00000013          0x080001b0   Section        0  libinit2.o(.ARM.Collect$$libinit$$00000013)
    .ARM.Collect$$libinit$$00000015          0x080001b0   Section        0  libinit2.o(.ARM.Collect$$libinit$$00000015)
    .ARM.Collect$$libinit$$00000017          0x080001b0   Section        0  libinit2.o(.ARM.Collect$$libinit$$00000017)
    .ARM.Collect$$libinit$$00000019          0x080001b0   Section        0  libinit2.o(.ARM.Collect$$libinit$$00000019)
    .ARM.Collect$$libinit$$0000001B          0x080001b0   Section        0  libinit2.o(.ARM.Collect$$libinit$$0000001B)
    .ARM.Collect$$libinit$$0000001D          0x080001b0   Section        0  libinit2.o(.ARM.Collect$$libinit$$0000001D)
    .ARM.Collect$$libinit$$0000001F          0x080001b0   Section        0  libinit2.o(.ARM.Collect$$libinit$$0000001F)
    .ARM.Collect$$libinit$$00000021          0x080001b0   Section        0  libinit2.o(.ARM.Collect$$libinit$$00000021)
    .ARM.Collect$$libinit$$00000023          0x080001b0   Section        0  libinit2.o(.ARM.Collect$$libinit$$00000023)
    .ARM.Collect$$libinit$$00000025          0x080001b0   Section        0  libinit2.o(.ARM.Collect$$libinit$$00000025)
    .ARM.Collect$$libinit$$0000002C          0x080001b0   Section        0  libinit2.o(.ARM.Collect$$libinit$$0000002C)
    .ARM.Collect$$libinit$$0000002E          0x080001b0   Section        0  libinit2.o(.ARM.Collect$$libinit$$0000002E)
    .ARM.Collect$$libinit$$00000030          0x080001b0   Section        0  libinit2.o(.ARM.Collect$$libinit$$00000030)
    .ARM.Collect$$libinit$$00000032          0x080001b0   Section        0  libinit2.o(.ARM.Collect$$libinit$$00000032)
    .ARM.Collect$$libinit$$00000033          0x080001b0   Section        2  libinit2.o(.ARM.Collect$$libinit$$00000033)
    .ARM.Collect$$libshutdown$$00000000      0x080001b2   Section        2  libshutdown.o(.ARM.Collect$$libshutdown$$00000000)
    .ARM.Collect$$libshutdown$$00000002      0x080001b4   Section        0  libshutdown2.o(.ARM.Collect$$libshutdown$$00000002)
    .ARM.Collect$$libshutdown$$00000004      0x080001b4   Section        0  libshutdown2.o(.ARM.Collect$$libshutdown$$00000004)
    .ARM.Collect$$libshutdown$$00000006      0x080001b4   Section        0  libshutdown2.o(.ARM.Collect$$libshutdown$$00000006)
    .ARM.Collect$$libshutdown$$00000009      0x080001b4   Section        0  libshutdown2.o(.ARM.Collect$$libshutdown$$00000009)
    .ARM.Collect$$libshutdown$$0000000C      0x080001b4   Section        0  libshutdown2.o(.ARM.Collect$$libshutdown$$0000000C)
    .ARM.Collect$$libshutdown$$0000000E      0x080001b4   Section        0  libshutdown2.o(.ARM.Collect$$libshutdown$$0000000E)
    .ARM.Collect$$libshutdown$$00000011      0x080001b4   Section        0  libshutdown2.o(.ARM.Collect$$libshutdown$$00000011)
    .ARM.Collect$$libshutdown$$00000012      0x080001b4   Section        2  libshutdown2.o(.ARM.Collect$$libshutdown$$00000012)
    .ARM.Collect$$rtentry$$00000000          0x080001b6   Section        0  __rtentry.o(.ARM.Collect$$rtentry$$00000000)
    .ARM.Collect$$rtentry$$00000002          0x080001b6   Section        0  __rtentry2.o(.ARM.Collect$$rtentry$$00000002)
    .ARM.Collect$$rtentry$$00000004          0x080001b6   Section        6  __rtentry4.o(.ARM.Collect$$rtentry$$00000004)
    .ARM.Collect$$rtentry$$00000009          0x080001bc   Section        0  __rtentry2.o(.ARM.Collect$$rtentry$$00000009)
    .ARM.Collect$$rtentry$$0000000A          0x080001bc   Section        4  __rtentry2.o(.ARM.Collect$$rtentry$$0000000A)
    .ARM.Collect$$rtentry$$0000000C          0x080001c0   Section        0  __rtentry2.o(.ARM.Collect$$rtentry$$0000000C)
    .ARM.Collect$$rtentry$$0000000D          0x080001c0   Section        8  __rtentry2.o(.ARM.Collect$$rtentry$$0000000D)
    .ARM.Collect$$rtexit$$00000000           0x080001c8   Section        2  rtexit.o(.ARM.Collect$$rtexit$$00000000)
    .ARM.Collect$$rtexit$$00000002           0x080001ca   Section        0  rtexit2.o(.ARM.Collect$$rtexit$$00000002)
    .ARM.Collect$$rtexit$$00000003           0x080001ca   Section        4  rtexit2.o(.ARM.Collect$$rtexit$$00000003)
    .ARM.Collect$$rtexit$$00000004           0x080001ce   Section        6  rtexit2.o(.ARM.Collect$$rtexit$$00000004)
    .text                                    0x080001d4   Section       64  startup_stm32f10x_hd.o(.text)
    .text                                    0x08000214   Section        2  use_no_semi_2.o(.text)
    .text                                    0x08000218   Section        0  noretval__2printf.o(.text)
    .text                                    0x08000230   Section        0  __printf.o(.text)
    .text                                    0x08000298   Section        0  _printf_dec.o(.text)
    .text                                    0x08000310   Section       68  rt_memclr.o(.text)
    .text                                    0x08000354   Section       78  rt_memclr_w.o(.text)
    .text                                    0x080003a2   Section        0  heapauxi.o(.text)
    .text                                    0x080003a8   Section        2  use_no_semi.o(.text)
    .text                                    0x080003aa   Section        0  _printf_intcommon.o(.text)
    .text                                    0x0800045c   Section        0  _printf_char_file.o(.text)
    .text                                    0x08000480   Section        0  _printf_char_common.o(.text)
    _printf_input_char                       0x08000481   Thumb Code    10  _printf_char_common.o(.text)
    .text                                    0x080004b0   Section        0  ferror.o(.text)
    .text                                    0x080004b8   Section       74  sys_stackheap_outer.o(.text)
    .text                                    0x08000502   Section        0  exit.o(.text)
    .text                                    0x08000514   Section        8  libspace.o(.text)
    i.BKP_TamperPinCmd                       0x0800051c   Section        0  stm32f10x_bkp.o(i.BKP_TamperPinCmd)
    i.BusFault_Handler                       0x08000528   Section        0  stm32f10x_it.o(i.BusFault_Handler)
    i.CAN1_Mode_Init                         0x0800052c   Section        0  can.o(i.CAN1_Mode_Init)
    i.CAN1_Send_Num                          0x080006c4   Section        0  can.o(i.CAN1_Send_Num)
    i.CAN1_Tx_Msg                            0x08000704   Section        0  can.o(i.CAN1_Tx_Msg)
    i.CAN1_Tx_Staus                          0x08000810   Section        0  can.o(i.CAN1_Tx_Staus)
    i.CAN_FilterInit                         0x08000894   Section        0  stm32f10x_can.o(i.CAN_FilterInit)
    i.CAN_ITConfig                           0x0800099c   Section        0  stm32f10x_can.o(i.CAN_ITConfig)
    i.DebugMon_Handler                       0x080009ae   Section        0  stm32f10x_it.o(i.DebugMon_Handler)
    i.GPIO_Init                              0x080009b0   Section        0  stm32f10x_gpio.o(i.GPIO_Init)
    i.GPIO_SetBits                           0x08000ac6   Section        0  stm32f10x_gpio.o(i.GPIO_SetBits)
    i.HardFault_Handler                      0x08000aca   Section        0  stm32f10x_it.o(i.HardFault_Handler)
    i.JTAG_Set                               0x08000ad0   Section        0  sys.o(i.JTAG_Set)
    i.KEY_Init                               0x08000b00   Section        0  key.o(i.KEY_Init)
    i.Key                                    0x08000b2c   Section        0  key.o(i.Key)
    i.LED_Flash                              0x08000be4   Section        0  led.o(i.LED_Flash)
    i.LED_Init                               0x08000c1c   Section        0  led.o(i.LED_Init)
    i.Lidar1_Data_Deal                       0x08000c54   Section        0  usart2.o(i.Lidar1_Data_Deal)
    i.Lidar2_Data_Deal                       0x08000f98   Section        0  usart5.o(i.Lidar2_Data_Deal)
    i.Lidar3_Data_Deal                       0x080012dc   Section        0  usart4.o(i.Lidar3_Data_Deal)
    i.Lidar4_Data_Deal                       0x08001620   Section        0  usart3.o(i.Lidar4_Data_Deal)
    i.Long_Press                             0x08001964   Section        0  key.o(i.Long_Press)
    i.MemManage_Handler                      0x080019c4   Section        0  stm32f10x_it.o(i.MemManage_Handler)
    i.NMI_Handler                            0x080019c8   Section        0  stm32f10x_it.o(i.NMI_Handler)
    i.NVIC_Init                              0x080019cc   Section        0  misc.o(i.NVIC_Init)
    i.NVIC_PriorityGroupConfig               0x08001a3c   Section        0  misc.o(i.NVIC_PriorityGroupConfig)
    i.OLED_Clear                             0x08001a50   Section        0  oled.o(i.OLED_Clear)
    i.OLED_DrawPoint                         0x08001a80   Section        0  oled.o(i.OLED_DrawPoint)
    i.OLED_Init                              0x08001ae8   Section        0  oled.o(i.OLED_Init)
    i.OLED_Refresh_Gram                      0x08001c3c   Section        0  oled.o(i.OLED_Refresh_Gram)
    i.OLED_ShowChar                          0x08001c88   Section        0  oled.o(i.OLED_ShowChar)
    i.OLED_ShowNumber                        0x08001d30   Section        0  oled.o(i.OLED_ShowNumber)
    i.OLED_ShowString                        0x08001dc4   Section        0  oled.o(i.OLED_ShowString)
    i.OLED_WR_Byte                           0x08001e08   Section        0  oled.o(i.OLED_WR_Byte)
    i.PWR_BackupAccessCmd                    0x08001e60   Section        0  stm32f10x_pwr.o(i.PWR_BackupAccessCmd)
    i.PendSV_Handler                         0x08001e6c   Section        0  stm32f10x_it.o(i.PendSV_Handler)
    i.RCC_APB1PeriphClockCmd                 0x08001e70   Section        0  stm32f10x_rcc.o(i.RCC_APB1PeriphClockCmd)
    i.RCC_APB2PeriphClockCmd                 0x08001e90   Section        0  stm32f10x_rcc.o(i.RCC_APB2PeriphClockCmd)
    i.RCC_GetClocksFreq                      0x08001eb0   Section        0  stm32f10x_rcc.o(i.RCC_GetClocksFreq)
    i.RCC_LSEConfig                          0x08001f84   Section        0  stm32f10x_rcc.o(i.RCC_LSEConfig)
    i.SVC_Handler                            0x08001fb8   Section        0  stm32f10x_it.o(i.SVC_Handler)
    i.SetSysClock                            0x08001fba   Section        0  system_stm32f10x.o(i.SetSysClock)
    SetSysClock                              0x08001fbb   Thumb Code     8  system_stm32f10x.o(i.SetSysClock)
    i.SetSysClockTo72                        0x08001fc4   Section        0  system_stm32f10x.o(i.SetSysClockTo72)
    SetSysClockTo72                          0x08001fc5   Thumb Code   214  system_stm32f10x.o(i.SetSysClockTo72)
    i.SysTick_CLKSourceConfig                0x080020a4   Section        0  misc.o(i.SysTick_CLKSourceConfig)
    i.SysTick_Handler                        0x080020cc   Section        0  stm32f10x_it.o(i.SysTick_Handler)
    i.SystemInit                             0x080020d0   Section        0  system_stm32f10x.o(i.SystemInit)
    i.TIM5_IRQHandler                        0x08002130   Section        0  time.o(i.TIM5_IRQHandler)
    i.TIM_ClearFlag                          0x08002294   Section        0  stm32f10x_tim.o(i.TIM_ClearFlag)
    i.TIM_ClearITPendingBit                  0x0800229a   Section        0  stm32f10x_tim.o(i.TIM_ClearITPendingBit)
    i.TIM_Cmd                                0x080022a0   Section        0  stm32f10x_tim.o(i.TIM_Cmd)
    i.TIM_GetFlagStatus                      0x080022b8   Section        0  stm32f10x_tim.o(i.TIM_GetFlagStatus)
    i.TIM_ITConfig                           0x080022ca   Section        0  stm32f10x_tim.o(i.TIM_ITConfig)
    i.TIM_TimeBaseInit                       0x080022dc   Section        0  stm32f10x_tim.o(i.TIM_TimeBaseInit)
    i.UART4_IRQHandler                       0x08002380   Section        0  usart4.o(i.UART4_IRQHandler)
    i.UART5_IRQHandler                       0x080023ec   Section        0  usart5.o(i.UART5_IRQHandler)
    i.USART1_IRQHandler                      0x08002458   Section        0  usart.o(i.USART1_IRQHandler)
    i.USART2_IRQHandler                      0x08002474   Section        0  usart2.o(i.USART2_IRQHandler)
    i.USART3_IRQHandler                      0x080024e0   Section        0  usart3.o(i.USART3_IRQHandler)
    i.USART_ClearITPendingBit                0x0800254c   Section        0  stm32f10x_usart.o(i.USART_ClearITPendingBit)
    i.USART_Cmd                              0x0800256a   Section        0  stm32f10x_usart.o(i.USART_Cmd)
    i.USART_GetITStatus                      0x08002582   Section        0  stm32f10x_usart.o(i.USART_GetITStatus)
    i.USART_ITConfig                         0x080025d6   Section        0  stm32f10x_usart.o(i.USART_ITConfig)
    i.USART_Init                             0x08002620   Section        0  stm32f10x_usart.o(i.USART_Init)
    i.USART_ReceiveData                      0x080026f8   Section        0  stm32f10x_usart.o(i.USART_ReceiveData)
    i.UsageFault_Handler                     0x08002702   Section        0  stm32f10x_it.o(i.UsageFault_Handler)
    i._sys_exit                              0x08002706   Section        0  usart.o(i._sys_exit)
    i.click                                  0x0800270c   Section        0  key.o(i.click)
    i.data_process2                          0x0800275c   Section        0  usart2.o(i.data_process2)
    i.data_process3                          0x08002978   Section        0  usart3.o(i.data_process3)
    i.data_process4                          0x08002b94   Section        0  usart4.o(i.data_process4)
    i.data_process5                          0x08002db0   Section        0  usart5.o(i.data_process5)
    i.delay_init                             0x08002fcc   Section        0  delay.o(i.delay_init)
    i.delay_ms                               0x08003010   Section        0  delay.o(i.delay_ms)
    i.fputc                                  0x0800305c   Section        0  usart.o(i.fputc)
    i.main                                   0x08003078   Section        0  main.o(i.main)
    i.oled_pow                               0x08003118   Section        0  oled.o(i.oled_pow)
    i.oled_show                              0x08003130   Section        0  oled.o(i.oled_show)
    i.time5_init                             0x080032e8   Section        0  time.o(i.time5_init)
    i.uart2_can_trastion                     0x08003350   Section        0  usart2.o(i.uart2_can_trastion)
    i.uart2_init                             0x080033d4   Section        0  usart2.o(i.uart2_init)
    i.uart3_can_trastion                     0x08003478   Section        0  usart3.o(i.uart3_can_trastion)
    i.uart3_init                             0x080034fc   Section        0  usart3.o(i.uart3_init)
    i.uart4_can_trastion                     0x080035a4   Section        0  usart4.o(i.uart4_can_trastion)
    i.uart4_init                             0x08003628   Section        0  usart4.o(i.uart4_init)
    i.uart5_can_trastion                     0x080036d0   Section        0  usart5.o(i.uart5_can_trastion)
    i.uart5_init                             0x08003754   Section        0  usart5.o(i.uart5_init)
    i.uart_init                              0x080037fc   Section        0  usart.o(i.uart_init)
    x$fpl$d2f                                0x0800389c   Section       98  d2f.o(x$fpl$d2f)
    x$fpl$ddiv                               0x08003900   Section      688  ddiv.o(x$fpl$ddiv)
    ddiv_entry                               0x08003907   Thumb Code     0  ddiv.o(x$fpl$ddiv)
    x$fpl$dfltu                              0x08003bb0   Section       38  dflt_clz.o(x$fpl$dfltu)
    x$fpl$dnaninf                            0x08003bd6   Section      156  dnaninf.o(x$fpl$dnaninf)
    x$fpl$dretinf                            0x08003c72   Section       12  dretinf.o(x$fpl$dretinf)
    x$fpl$fadd                               0x08003c80   Section      196  faddsub_clz.o(x$fpl$fadd)
    _fadd1                                   0x08003c8f   Thumb Code     0  faddsub_clz.o(x$fpl$fadd)
    x$fpl$fcmpinf                            0x08003d44   Section       24  fcmpi.o(x$fpl$fcmpinf)
    x$fpl$fdiv                               0x08003d5c   Section      388  fdiv.o(x$fpl$fdiv)
    _fdiv1                                   0x08003d5d   Thumb Code     0  fdiv.o(x$fpl$fdiv)
    x$fpl$fflt                               0x08003ee0   Section       48  fflt_clz.o(x$fpl$fflt)
    x$fpl$fleqf                              0x08003f10   Section      104  fleqf.o(x$fpl$fleqf)
    x$fpl$fmul                               0x08003f78   Section      258  fmul.o(x$fpl$fmul)
    x$fpl$fnaninf                            0x0800407a   Section      140  fnaninf.o(x$fpl$fnaninf)
    x$fpl$fretinf                            0x08004106   Section       10  fretinf.o(x$fpl$fretinf)
    x$fpl$frleqf                             0x08004110   Section       98  frleqf.o(x$fpl$frleqf)
    x$fpl$fsub                               0x08004174   Section      234  faddsub_clz.o(x$fpl$fsub)
    _fsub1                                   0x08004183   Thumb Code     0  faddsub_clz.o(x$fpl$fsub)
    .constdata                               0x0800425e   Section     2916  oled.o(.constdata)
    x$fpl$usenofp                            0x0800425e   Section        0  usenofp.o(x$fpl$usenofp)
    CrcTable                                 0x0800425e   Data         256  oled.o(.constdata)
    .constdata                               0x08004dc2   Section      256  usart2.o(.constdata)
    CrcTable                                 0x08004dc2   Data         256  usart2.o(.constdata)
    .constdata                               0x08004ec2   Section      256  usart3.o(.constdata)
    CrcTable                                 0x08004ec2   Data         256  usart3.o(.constdata)
    .constdata                               0x08004fc2   Section      256  usart4.o(.constdata)
    CrcTable                                 0x08004fc2   Data         256  usart4.o(.constdata)
    .constdata                               0x080050c2   Section      256  usart5.o(.constdata)
    CrcTable                                 0x080050c2   Data         256  usart5.o(.constdata)
    .conststring                             0x080051c4   Section       72  oled.o(.conststring)
    .data                                    0x20000000   Section       78  main.o(.data)
    .data                                    0x20000050   Section       20  system_stm32f10x.o(.data)
    .data                                    0x20000064   Section       20  stm32f10x_rcc.o(.data)
    APBAHBPrescTable                         0x20000064   Data          16  stm32f10x_rcc.o(.data)
    ADCPrescTable                            0x20000074   Data           4  stm32f10x_rcc.o(.data)
    .data                                    0x20000078   Section        4  delay.o(.data)
    fac_us                                   0x20000078   Data           1  delay.o(.data)
    fac_ms                                   0x2000007a   Data           2  delay.o(.data)
    .data                                    0x2000007c   Section        6  usart.o(.data)
    .data                                    0x20000084   Section        4  led.o(.data)
    temp                                     0x20000084   Data           4  led.o(.data)
    .data                                    0x20000088   Section       14  key.o(.data)
    key_press                                0x20000088   Data           1  key.o(.data)
    flag_key                                 0x20000089   Data           1  key.o(.data)
    count_key                                0x2000008a   Data           1  key.o(.data)
    double_key                               0x2000008b   Data           1  key.o(.data)
    count_single                             0x2000008c   Data           2  key.o(.data)
    Forever_count                            0x2000008e   Data           2  key.o(.data)
    flag_key                                 0x20000090   Data           1  key.o(.data)
    Long_Press_count                         0x20000092   Data           2  key.o(.data)
    Long_Press                               0x20000094   Data           2  key.o(.data)
    .data                                    0x20000098   Section       12  usart2.o(.data)
    state2                                   0x20000098   Data           1  usart2.o(.data)
    crc2                                     0x20000099   Data           1  usart2.o(.data)
    cnt2                                     0x2000009a   Data           1  usart2.o(.data)
    count2                                   0x2000009c   Data           2  usart2.o(.data)
    i                                        0x200000a0   Data           4  usart2.o(.data)
    .data                                    0x200000a4   Section       12  usart3.o(.data)
    state3                                   0x200000a4   Data           1  usart3.o(.data)
    crc3                                     0x200000a5   Data           1  usart3.o(.data)
    cnt3                                     0x200000a6   Data           1  usart3.o(.data)
    count3                                   0x200000a8   Data           2  usart3.o(.data)
    i                                        0x200000ac   Data           4  usart3.o(.data)
    .data                                    0x200000b0   Section       12  usart4.o(.data)
    state4                                   0x200000b0   Data           1  usart4.o(.data)
    crc4                                     0x200000b1   Data           1  usart4.o(.data)
    cnt4                                     0x200000b2   Data           1  usart4.o(.data)
    count4                                   0x200000b4   Data           2  usart4.o(.data)
    i                                        0x200000b8   Data           4  usart4.o(.data)
    .data                                    0x200000bc   Section       12  usart5.o(.data)
    state5                                   0x200000bc   Data           1  usart5.o(.data)
    crc5                                     0x200000bd   Data           1  usart5.o(.data)
    cnt5                                     0x200000be   Data           1  usart5.o(.data)
    count5                                   0x200000c0   Data           2  usart5.o(.data)
    i                                        0x200000c4   Data           4  usart5.o(.data)
    .bss                                     0x200000c8   Section    40080  main.o(.bss)
    .bss                                     0x20009d58   Section     1024  oled.o(.bss)
    .bss                                     0x2000a158   Section       95  usart2.o(.bss)
    .bss                                     0x2000a1b7   Section       95  usart3.o(.bss)
    .bss                                     0x2000a216   Section       95  usart4.o(.bss)
    .bss                                     0x2000a275   Section       95  usart5.o(.bss)
    .bss                                     0x2000a2d4   Section       96  libspace.o(.bss)
    HEAP                                     0x2000a338   Section      512  startup_stm32f10x_hd.o(HEAP)
    Heap_Mem                                 0x2000a338   Data         512  startup_stm32f10x_hd.o(HEAP)
    STACK                                    0x2000a538   Section     1024  startup_stm32f10x_hd.o(STACK)
    Stack_Mem                                0x2000a538   Data        1024  startup_stm32f10x_hd.o(STACK)
    __initial_sp                             0x2000a938   Data           0  startup_stm32f10x_hd.o(STACK)

    Global Symbols

    Symbol Name                              Value     Ov Type        Size  Object(Section)

    BuildAttributes$$THM_ISAv4$P$D$K$B$S$PE$A:L22UL41UL21$X:L11$S22US41US21$IEEE1$IW$USESV6$~STKCKD$USESV7$~SHL$OSPACE$ROPI$EBA8$UX$STANDARDLIB$REQ8$PRES8$EABIv2 0x00000000   Number         0  anon$$obj.o ABSOLUTE
    __ARM_use_no_argv                        0x00000000   Number         0  main.o ABSOLUTE
    __ARM_exceptions_init                     - Undefined Weak Reference
    __alloca_initialize                       - Undefined Weak Reference
    __arm_fini_                               - Undefined Weak Reference
    __arm_preinit_                            - Undefined Weak Reference
    __cpp_initialize__aeabi_                  - Undefined Weak Reference
    __cxa_finalize                            - Undefined Weak Reference
    __rt_locale                               - Undefined Weak Reference
    __sigvec_lookup                           - Undefined Weak Reference
    _atexit_init                              - Undefined Weak Reference
    _call_atexit_fns                          - Undefined Weak Reference
    _clock_init                               - Undefined Weak Reference
    _fp_trap_init                             - Undefined Weak Reference
    _fp_trap_shutdown                         - Undefined Weak Reference
    _get_lc_collate                           - Undefined Weak Reference
    _get_lc_ctype                             - Undefined Weak Reference
    _get_lc_monetary                          - Undefined Weak Reference
    _get_lc_numeric                           - Undefined Weak Reference
    _get_lc_time                              - Undefined Weak Reference
    _getenv_init                              - Undefined Weak Reference
    _handle_redirection                       - Undefined Weak Reference
    _init_alloc                               - Undefined Weak Reference
    _init_user_alloc                          - Undefined Weak Reference
    _initio                                   - Undefined Weak Reference
    _mutex_acquire                            - Undefined Weak Reference
    _mutex_release                            - Undefined Weak Reference
    _printf_post_padding                      - Undefined Weak Reference
    _printf_pre_padding                       - Undefined Weak Reference
    _printf_truncate_signed                   - Undefined Weak Reference
    _printf_truncate_unsigned                 - Undefined Weak Reference
    _rand_init                                - Undefined Weak Reference
    _signal_finish                            - Undefined Weak Reference
    _signal_init                              - Undefined Weak Reference
    _terminate_alloc                          - Undefined Weak Reference
    _terminate_user_alloc                     - Undefined Weak Reference
    _terminateio                              - Undefined Weak Reference
    __Vectors_Size                           0x00000130   Number         0  startup_stm32f10x_hd.o ABSOLUTE
    __Vectors                                0x08000000   Data           4  startup_stm32f10x_hd.o(RESET)
    __Vectors_End                            0x08000130   Data           0  startup_stm32f10x_hd.o(RESET)
    __main                                   0x08000131   Thumb Code     8  __main.o(!!!main)
    __scatterload                            0x08000139   Thumb Code     0  __scatter.o(!!!scatter)
    __scatterload_rt2                        0x08000139   Thumb Code    44  __scatter.o(!!!scatter)
    __scatterload_rt2_thumb_only             0x08000139   Thumb Code     0  __scatter.o(!!!scatter)
    __scatterload_null                       0x08000147   Thumb Code     0  __scatter.o(!!!scatter)
    __scatterload_copy                       0x0800016d   Thumb Code    26  __scatter_copy.o(!!handler_copy)
    __scatterload_zeroinit                   0x08000189   Thumb Code    28  __scatter_zi.o(!!handler_zi)
    _printf_d                                0x080001a5   Thumb Code     0  _printf_d.o(.ARM.Collect$$_printf_percent$$00000009)
    _printf_percent                          0x080001a5   Thumb Code     0  _printf_percent.o(.ARM.Collect$$_printf_percent$$00000000)
    _printf_percent_end                      0x080001ab   Thumb Code     0  _printf_percent_end.o(.ARM.Collect$$_printf_percent$$00000017)
    __rt_lib_init                            0x080001af   Thumb Code     0  libinit.o(.ARM.Collect$$libinit$$00000000)
    __rt_lib_init_alloca_1                   0x080001b1   Thumb Code     0  libinit2.o(.ARM.Collect$$libinit$$0000002E)
    __rt_lib_init_argv_1                     0x080001b1   Thumb Code     0  libinit2.o(.ARM.Collect$$libinit$$0000002C)
    __rt_lib_init_atexit_1                   0x080001b1   Thumb Code     0  libinit2.o(.ARM.Collect$$libinit$$0000001B)
    __rt_lib_init_clock_1                    0x080001b1   Thumb Code     0  libinit2.o(.ARM.Collect$$libinit$$00000021)
    __rt_lib_init_cpp_1                      0x080001b1   Thumb Code     0  libinit2.o(.ARM.Collect$$libinit$$00000032)
    __rt_lib_init_exceptions_1               0x080001b1   Thumb Code     0  libinit2.o(.ARM.Collect$$libinit$$00000030)
    __rt_lib_init_fp_1                       0x080001b1   Thumb Code     0  libinit2.o(.ARM.Collect$$libinit$$00000002)
    __rt_lib_init_fp_trap_1                  0x080001b1   Thumb Code     0  libinit2.o(.ARM.Collect$$libinit$$0000001F)
    __rt_lib_init_getenv_1                   0x080001b1   Thumb Code     0  libinit2.o(.ARM.Collect$$libinit$$00000023)
    __rt_lib_init_heap_1                     0x080001b1   Thumb Code     0  libinit2.o(.ARM.Collect$$libinit$$0000000A)
    __rt_lib_init_lc_collate_1               0x080001b1   Thumb Code     0  libinit2.o(.ARM.Collect$$libinit$$00000011)
    __rt_lib_init_lc_ctype_1                 0x080001b1   Thumb Code     0  libinit2.o(.ARM.Collect$$libinit$$00000013)
    __rt_lib_init_lc_monetary_1              0x080001b1   Thumb Code     0  libinit2.o(.ARM.Collect$$libinit$$00000015)
    __rt_lib_init_lc_numeric_1               0x080001b1   Thumb Code     0  libinit2.o(.ARM.Collect$$libinit$$00000017)
    __rt_lib_init_lc_time_1                  0x080001b1   Thumb Code     0  libinit2.o(.ARM.Collect$$libinit$$00000019)
    __rt_lib_init_preinit_1                  0x080001b1   Thumb Code     0  libinit2.o(.ARM.Collect$$libinit$$00000004)
    __rt_lib_init_rand_1                     0x080001b1   Thumb Code     0  libinit2.o(.ARM.Collect$$libinit$$0000000E)
    __rt_lib_init_return                     0x080001b1   Thumb Code     0  libinit2.o(.ARM.Collect$$libinit$$00000033)
    __rt_lib_init_signal_1                   0x080001b1   Thumb Code     0  libinit2.o(.ARM.Collect$$libinit$$0000001D)
    __rt_lib_init_stdio_1                    0x080001b1   Thumb Code     0  libinit2.o(.ARM.Collect$$libinit$$00000025)
    __rt_lib_init_user_alloc_1               0x080001b1   Thumb Code     0  libinit2.o(.ARM.Collect$$libinit$$0000000C)
    __rt_lib_shutdown                        0x080001b3   Thumb Code     0  libshutdown.o(.ARM.Collect$$libshutdown$$00000000)
    __rt_lib_shutdown_cpp_1                  0x080001b5   Thumb Code     0  libshutdown2.o(.ARM.Collect$$libshutdown$$00000004)
    __rt_lib_shutdown_fini_1                 0x080001b5   Thumb Code     0  libshutdown2.o(.ARM.Collect$$libshutdown$$00000002)
    __rt_lib_shutdown_fp_trap_1              0x080001b5   Thumb Code     0  libshutdown2.o(.ARM.Collect$$libshutdown$$00000009)
    __rt_lib_shutdown_heap_1                 0x080001b5   Thumb Code     0  libshutdown2.o(.ARM.Collect$$libshutdown$$00000011)
    __rt_lib_shutdown_return                 0x080001b5   Thumb Code     0  libshutdown2.o(.ARM.Collect$$libshutdown$$00000012)
    __rt_lib_shutdown_signal_1               0x080001b5   Thumb Code     0  libshutdown2.o(.ARM.Collect$$libshutdown$$0000000C)
    __rt_lib_shutdown_stdio_1                0x080001b5   Thumb Code     0  libshutdown2.o(.ARM.Collect$$libshutdown$$00000006)
    __rt_lib_shutdown_user_alloc_1           0x080001b5   Thumb Code     0  libshutdown2.o(.ARM.Collect$$libshutdown$$0000000E)
    __rt_entry                               0x080001b7   Thumb Code     0  __rtentry.o(.ARM.Collect$$rtentry$$00000000)
    __rt_entry_presh_1                       0x080001b7   Thumb Code     0  __rtentry2.o(.ARM.Collect$$rtentry$$00000002)
    __rt_entry_sh                            0x080001b7   Thumb Code     0  __rtentry4.o(.ARM.Collect$$rtentry$$00000004)
    __rt_entry_li                            0x080001bd   Thumb Code     0  __rtentry2.o(.ARM.Collect$$rtentry$$0000000A)
    __rt_entry_postsh_1                      0x080001bd   Thumb Code     0  __rtentry2.o(.ARM.Collect$$rtentry$$00000009)
    __rt_entry_main                          0x080001c1   Thumb Code     0  __rtentry2.o(.ARM.Collect$$rtentry$$0000000D)
    __rt_entry_postli_1                      0x080001c1   Thumb Code     0  __rtentry2.o(.ARM.Collect$$rtentry$$0000000C)
    __rt_exit                                0x080001c9   Thumb Code     0  rtexit.o(.ARM.Collect$$rtexit$$00000000)
    __rt_exit_ls                             0x080001cb   Thumb Code     0  rtexit2.o(.ARM.Collect$$rtexit$$00000003)
    __rt_exit_prels_1                        0x080001cb   Thumb Code     0  rtexit2.o(.ARM.Collect$$rtexit$$00000002)
    __rt_exit_exit                           0x080001cf   Thumb Code     0  rtexit2.o(.ARM.Collect$$rtexit$$00000004)
    Reset_Handler                            0x080001d5   Thumb Code     8  startup_stm32f10x_hd.o(.text)
    ADC1_2_IRQHandler                        0x080001ef   Thumb Code     0  startup_stm32f10x_hd.o(.text)
    ADC3_IRQHandler                          0x080001ef   Thumb Code     0  startup_stm32f10x_hd.o(.text)
    CAN1_RX1_IRQHandler                      0x080001ef   Thumb Code     0  startup_stm32f10x_hd.o(.text)
    CAN1_SCE_IRQHandler                      0x080001ef   Thumb Code     0  startup_stm32f10x_hd.o(.text)
    DMA1_Channel1_IRQHandler                 0x080001ef   Thumb Code     0  startup_stm32f10x_hd.o(.text)
    DMA1_Channel2_IRQHandler                 0x080001ef   Thumb Code     0  startup_stm32f10x_hd.o(.text)
    DMA1_Channel3_IRQHandler                 0x080001ef   Thumb Code     0  startup_stm32f10x_hd.o(.text)
    DMA1_Channel4_IRQHandler                 0x080001ef   Thumb Code     0  startup_stm32f10x_hd.o(.text)
    DMA1_Channel5_IRQHandler                 0x080001ef   Thumb Code     0  startup_stm32f10x_hd.o(.text)
    DMA1_Channel6_IRQHandler                 0x080001ef   Thumb Code     0  startup_stm32f10x_hd.o(.text)
    DMA1_Channel7_IRQHandler                 0x080001ef   Thumb Code     0  startup_stm32f10x_hd.o(.text)
    DMA2_Channel1_IRQHandler                 0x080001ef   Thumb Code     0  startup_stm32f10x_hd.o(.text)
    DMA2_Channel2_IRQHandler                 0x080001ef   Thumb Code     0  startup_stm32f10x_hd.o(.text)
    DMA2_Channel3_IRQHandler                 0x080001ef   Thumb Code     0  startup_stm32f10x_hd.o(.text)
    DMA2_Channel4_5_IRQHandler               0x080001ef   Thumb Code     0  startup_stm32f10x_hd.o(.text)
    EXTI0_IRQHandler                         0x080001ef   Thumb Code     0  startup_stm32f10x_hd.o(.text)
    EXTI15_10_IRQHandler                     0x080001ef   Thumb Code     0  startup_stm32f10x_hd.o(.text)
    EXTI1_IRQHandler                         0x080001ef   Thumb Code     0  startup_stm32f10x_hd.o(.text)
    EXTI2_IRQHandler                         0x080001ef   Thumb Code     0  startup_stm32f10x_hd.o(.text)
    EXTI3_IRQHandler                         0x080001ef   Thumb Code     0  startup_stm32f10x_hd.o(.text)
    EXTI4_IRQHandler                         0x080001ef   Thumb Code     0  startup_stm32f10x_hd.o(.text)
    EXTI9_5_IRQHandler                       0x080001ef   Thumb Code     0  startup_stm32f10x_hd.o(.text)
    FLASH_IRQHandler                         0x080001ef   Thumb Code     0  startup_stm32f10x_hd.o(.text)
    FSMC_IRQHandler                          0x080001ef   Thumb Code     0  startup_stm32f10x_hd.o(.text)
    I2C1_ER_IRQHandler                       0x080001ef   Thumb Code     0  startup_stm32f10x_hd.o(.text)
    I2C1_EV_IRQHandler                       0x080001ef   Thumb Code     0  startup_stm32f10x_hd.o(.text)
    I2C2_ER_IRQHandler                       0x080001ef   Thumb Code     0  startup_stm32f10x_hd.o(.text)
    I2C2_EV_IRQHandler                       0x080001ef   Thumb Code     0  startup_stm32f10x_hd.o(.text)
    PVD_IRQHandler                           0x080001ef   Thumb Code     0  startup_stm32f10x_hd.o(.text)
    RCC_IRQHandler                           0x080001ef   Thumb Code     0  startup_stm32f10x_hd.o(.text)
    RTCAlarm_IRQHandler                      0x080001ef   Thumb Code     0  startup_stm32f10x_hd.o(.text)
    RTC_IRQHandler                           0x080001ef   Thumb Code     0  startup_stm32f10x_hd.o(.text)
    SDIO_IRQHandler                          0x080001ef   Thumb Code     0  startup_stm32f10x_hd.o(.text)
    SPI1_IRQHandler                          0x080001ef   Thumb Code     0  startup_stm32f10x_hd.o(.text)
    SPI2_IRQHandler                          0x080001ef   Thumb Code     0  startup_stm32f10x_hd.o(.text)
    SPI3_IRQHandler                          0x080001ef   Thumb Code     0  startup_stm32f10x_hd.o(.text)
    TAMPER_IRQHandler                        0x080001ef   Thumb Code     0  startup_stm32f10x_hd.o(.text)
    TIM1_BRK_IRQHandler                      0x080001ef   Thumb Code     0  startup_stm32f10x_hd.o(.text)
    TIM1_CC_IRQHandler                       0x080001ef   Thumb Code     0  startup_stm32f10x_hd.o(.text)
    TIM1_TRG_COM_IRQHandler                  0x080001ef   Thumb Code     0  startup_stm32f10x_hd.o(.text)
    TIM1_UP_IRQHandler                       0x080001ef   Thumb Code     0  startup_stm32f10x_hd.o(.text)
    TIM2_IRQHandler                          0x080001ef   Thumb Code     0  startup_stm32f10x_hd.o(.text)
    TIM3_IRQHandler                          0x080001ef   Thumb Code     0  startup_stm32f10x_hd.o(.text)
    TIM4_IRQHandler                          0x080001ef   Thumb Code     0  startup_stm32f10x_hd.o(.text)
    TIM6_IRQHandler                          0x080001ef   Thumb Code     0  startup_stm32f10x_hd.o(.text)
    TIM7_IRQHandler                          0x080001ef   Thumb Code     0  startup_stm32f10x_hd.o(.text)
    TIM8_BRK_IRQHandler                      0x080001ef   Thumb Code     0  startup_stm32f10x_hd.o(.text)
    TIM8_CC_IRQHandler                       0x080001ef   Thumb Code     0  startup_stm32f10x_hd.o(.text)
    TIM8_TRG_COM_IRQHandler                  0x080001ef   Thumb Code     0  startup_stm32f10x_hd.o(.text)
    TIM8_UP_IRQHandler                       0x080001ef   Thumb Code     0  startup_stm32f10x_hd.o(.text)
    USBWakeUp_IRQHandler                     0x080001ef   Thumb Code     0  startup_stm32f10x_hd.o(.text)
    USB_HP_CAN1_TX_IRQHandler                0x080001ef   Thumb Code     0  startup_stm32f10x_hd.o(.text)
    USB_LP_CAN1_RX0_IRQHandler               0x080001ef   Thumb Code     0  startup_stm32f10x_hd.o(.text)
    WWDG_IRQHandler                          0x080001ef   Thumb Code     0  startup_stm32f10x_hd.o(.text)
    __user_initial_stackheap                 0x080001f1   Thumb Code     0  startup_stm32f10x_hd.o(.text)
    __use_no_semihosting                     0x08000215   Thumb Code     2  use_no_semi_2.o(.text)
    __2printf                                0x08000219   Thumb Code    20  noretval__2printf.o(.text)
    __printf                                 0x08000231   Thumb Code   104  __printf.o(.text)
    _printf_int_dec                          0x08000299   Thumb Code   104  _printf_dec.o(.text)
    __aeabi_memclr                           0x08000311   Thumb Code     0  rt_memclr.o(.text)
    __rt_memclr                              0x08000311   Thumb Code    68  rt_memclr.o(.text)
    _memset                                  0x08000315   Thumb Code     0  rt_memclr.o(.text)
    __aeabi_memclr4                          0x08000355   Thumb Code     0  rt_memclr_w.o(.text)
    __aeabi_memclr8                          0x08000355   Thumb Code     0  rt_memclr_w.o(.text)
    __rt_memclr_w                            0x08000355   Thumb Code    78  rt_memclr_w.o(.text)
    _memset_w                                0x08000359   Thumb Code     0  rt_memclr_w.o(.text)
    __use_two_region_memory                  0x080003a3   Thumb Code     2  heapauxi.o(.text)
    __rt_heap_escrow$2region                 0x080003a5   Thumb Code     2  heapauxi.o(.text)
    __rt_heap_expand$2region                 0x080003a7   Thumb Code     2  heapauxi.o(.text)
    __I$use$semihosting                      0x080003a9   Thumb Code     0  use_no_semi.o(.text)
    __use_no_semihosting_swi                 0x080003a9   Thumb Code     2  use_no_semi.o(.text)
    _printf_int_common                       0x080003ab   Thumb Code   178  _printf_intcommon.o(.text)
    _printf_char_file                        0x0800045d   Thumb Code    32  _printf_char_file.o(.text)
    _printf_char_common                      0x0800048b   Thumb Code    32  _printf_char_common.o(.text)
    ferror                                   0x080004b1   Thumb Code     8  ferror.o(.text)
    __user_setup_stackheap                   0x080004b9   Thumb Code    74  sys_stackheap_outer.o(.text)
    exit                                     0x08000503   Thumb Code    18  exit.o(.text)
    __user_libspace                          0x08000515   Thumb Code     8  libspace.o(.text)
    __user_perproc_libspace                  0x08000515   Thumb Code     0  libspace.o(.text)
    __user_perthread_libspace                0x08000515   Thumb Code     0  libspace.o(.text)
    BKP_TamperPinCmd                         0x0800051d   Thumb Code     6  stm32f10x_bkp.o(i.BKP_TamperPinCmd)
    BusFault_Handler                         0x08000529   Thumb Code     4  stm32f10x_it.o(i.BusFault_Handler)
    CAN1_Mode_Init                           0x0800052d   Thumb Code   398  can.o(i.CAN1_Mode_Init)
    CAN1_Send_Num                            0x080006c5   Thumb Code    64  can.o(i.CAN1_Send_Num)
    CAN1_Tx_Msg                              0x08000705   Thumb Code   260  can.o(i.CAN1_Tx_Msg)
    CAN1_Tx_Staus                            0x08000811   Thumb Code   126  can.o(i.CAN1_Tx_Staus)
    CAN_FilterInit                           0x08000895   Thumb Code   258  stm32f10x_can.o(i.CAN_FilterInit)
    CAN_ITConfig                             0x0800099d   Thumb Code    18  stm32f10x_can.o(i.CAN_ITConfig)
    DebugMon_Handler                         0x080009af   Thumb Code     2  stm32f10x_it.o(i.DebugMon_Handler)
    GPIO_Init                                0x080009b1   Thumb Code   278  stm32f10x_gpio.o(i.GPIO_Init)
    GPIO_SetBits                             0x08000ac7   Thumb Code     4  stm32f10x_gpio.o(i.GPIO_SetBits)
    HardFault_Handler                        0x08000acb   Thumb Code     4  stm32f10x_it.o(i.HardFault_Handler)
    JTAG_Set                                 0x08000ad1   Thumb Code    38  sys.o(i.JTAG_Set)
    KEY_Init                                 0x08000b01   Thumb Code    38  key.o(i.KEY_Init)
    Key                                      0x08000b2d   Thumb Code   168  key.o(i.Key)
    LED_Flash                                0x08000be5   Thumb Code    44  led.o(i.LED_Flash)
    LED_Init                                 0x08000c1d   Thumb Code    50  led.o(i.LED_Init)
    Lidar1_Data_Deal                         0x08000c55   Thumb Code   798  usart2.o(i.Lidar1_Data_Deal)
    Lidar2_Data_Deal                         0x08000f99   Thumb Code   798  usart5.o(i.Lidar2_Data_Deal)
    Lidar3_Data_Deal                         0x080012dd   Thumb Code   798  usart4.o(i.Lidar3_Data_Deal)
    Lidar4_Data_Deal                         0x08001621   Thumb Code   798  usart3.o(i.Lidar4_Data_Deal)
    Long_Press                               0x08001965   Thumb Code    78  key.o(i.Long_Press)
    MemManage_Handler                        0x080019c5   Thumb Code     4  stm32f10x_it.o(i.MemManage_Handler)
    NMI_Handler                              0x080019c9   Thumb Code     2  stm32f10x_it.o(i.NMI_Handler)
    NVIC_Init                                0x080019cd   Thumb Code   100  misc.o(i.NVIC_Init)
    NVIC_PriorityGroupConfig                 0x08001a3d   Thumb Code    10  misc.o(i.NVIC_PriorityGroupConfig)
    OLED_Clear                               0x08001a51   Thumb Code    42  oled.o(i.OLED_Clear)
    OLED_DrawPoint                           0x08001a81   Thumb Code   100  oled.o(i.OLED_DrawPoint)
    OLED_Init                                0x08001ae9   Thumb Code   322  oled.o(i.OLED_Init)
    OLED_Refresh_Gram                        0x08001c3d   Thumb Code    70  oled.o(i.OLED_Refresh_Gram)
    OLED_ShowChar                            0x08001c89   Thumb Code   158  oled.o(i.OLED_ShowChar)
    OLED_ShowNumber                          0x08001d31   Thumb Code   148  oled.o(i.OLED_ShowNumber)
    OLED_ShowString                          0x08001dc5   Thumb Code    66  oled.o(i.OLED_ShowString)
    OLED_WR_Byte                             0x08001e09   Thumb Code    78  oled.o(i.OLED_WR_Byte)
    PWR_BackupAccessCmd                      0x08001e61   Thumb Code     6  stm32f10x_pwr.o(i.PWR_BackupAccessCmd)
    PendSV_Handler                           0x08001e6d   Thumb Code     2  stm32f10x_it.o(i.PendSV_Handler)
    RCC_APB1PeriphClockCmd                   0x08001e71   Thumb Code    26  stm32f10x_rcc.o(i.RCC_APB1PeriphClockCmd)
    RCC_APB2PeriphClockCmd                   0x08001e91   Thumb Code    26  stm32f10x_rcc.o(i.RCC_APB2PeriphClockCmd)
    RCC_GetClocksFreq                        0x08001eb1   Thumb Code   192  stm32f10x_rcc.o(i.RCC_GetClocksFreq)
    RCC_LSEConfig                            0x08001f85   Thumb Code    46  stm32f10x_rcc.o(i.RCC_LSEConfig)
    SVC_Handler                              0x08001fb9   Thumb Code     2  stm32f10x_it.o(i.SVC_Handler)
    SysTick_CLKSourceConfig                  0x080020a5   Thumb Code    40  misc.o(i.SysTick_CLKSourceConfig)
    SysTick_Handler                          0x080020cd   Thumb Code     2  stm32f10x_it.o(i.SysTick_Handler)
    SystemInit                               0x080020d1   Thumb Code    78  system_stm32f10x.o(i.SystemInit)
    TIM5_IRQHandler                          0x08002131   Thumb Code   278  time.o(i.TIM5_IRQHandler)
    TIM_ClearFlag                            0x08002295   Thumb Code     6  stm32f10x_tim.o(i.TIM_ClearFlag)
    TIM_ClearITPendingBit                    0x0800229b   Thumb Code     6  stm32f10x_tim.o(i.TIM_ClearITPendingBit)
    TIM_Cmd                                  0x080022a1   Thumb Code    24  stm32f10x_tim.o(i.TIM_Cmd)
    TIM_GetFlagStatus                        0x080022b9   Thumb Code    18  stm32f10x_tim.o(i.TIM_GetFlagStatus)
    TIM_ITConfig                             0x080022cb   Thumb Code    18  stm32f10x_tim.o(i.TIM_ITConfig)
    TIM_TimeBaseInit                         0x080022dd   Thumb Code   122  stm32f10x_tim.o(i.TIM_TimeBaseInit)
    UART4_IRQHandler                         0x08002381   Thumb Code    94  usart4.o(i.UART4_IRQHandler)
    UART5_IRQHandler                         0x080023ed   Thumb Code    94  usart5.o(i.UART5_IRQHandler)
    USART1_IRQHandler                        0x08002459   Thumb Code    24  usart.o(i.USART1_IRQHandler)
    USART2_IRQHandler                        0x08002475   Thumb Code    94  usart2.o(i.USART2_IRQHandler)
    USART3_IRQHandler                        0x080024e1   Thumb Code    94  usart3.o(i.USART3_IRQHandler)
    USART_ClearITPendingBit                  0x0800254d   Thumb Code    30  stm32f10x_usart.o(i.USART_ClearITPendingBit)
    USART_Cmd                                0x0800256b   Thumb Code    24  stm32f10x_usart.o(i.USART_Cmd)
    USART_GetITStatus                        0x08002583   Thumb Code    84  stm32f10x_usart.o(i.USART_GetITStatus)
    USART_ITConfig                           0x080025d7   Thumb Code    74  stm32f10x_usart.o(i.USART_ITConfig)
    USART_Init                               0x08002621   Thumb Code   210  stm32f10x_usart.o(i.USART_Init)
    USART_ReceiveData                        0x080026f9   Thumb Code    10  stm32f10x_usart.o(i.USART_ReceiveData)
    UsageFault_Handler                       0x08002703   Thumb Code     4  stm32f10x_it.o(i.UsageFault_Handler)
    _sys_exit                                0x08002707   Thumb Code     4  usart.o(i._sys_exit)
    click                                    0x0800270d   Thumb Code    68  key.o(i.click)
    data_process2                            0x0800275d   Thumb Code   484  usart2.o(i.data_process2)
    data_process3                            0x08002979   Thumb Code   484  usart3.o(i.data_process3)
    data_process4                            0x08002b95   Thumb Code   484  usart4.o(i.data_process4)
    data_process5                            0x08002db1   Thumb Code   484  usart5.o(i.data_process5)
    delay_init                               0x08002fcd   Thumb Code    50  delay.o(i.delay_init)
    delay_ms                                 0x08003011   Thumb Code    72  delay.o(i.delay_ms)
    fputc                                    0x0800305d   Thumb Code    24  usart.o(i.fputc)
    main                                     0x08003079   Thumb Code   148  main.o(i.main)
    oled_pow                                 0x08003119   Thumb Code    22  oled.o(i.oled_pow)
    oled_show                                0x08003131   Thumb Code   322  oled.o(i.oled_show)
    time5_init                               0x080032e9   Thumb Code    98  time.o(i.time5_init)
    uart2_can_trastion                       0x08003351   Thumb Code   124  usart2.o(i.uart2_can_trastion)
    uart2_init                               0x080033d5   Thumb Code   154  usart2.o(i.uart2_init)
    uart3_can_trastion                       0x08003479   Thumb Code   124  usart3.o(i.uart3_can_trastion)
    uart3_init                               0x080034fd   Thumb Code   158  usart3.o(i.uart3_init)
    uart4_can_trastion                       0x080035a5   Thumb Code   124  usart4.o(i.uart4_can_trastion)
    uart4_init                               0x08003629   Thumb Code   158  usart4.o(i.uart4_init)
    uart5_can_trastion                       0x080036d1   Thumb Code   124  usart5.o(i.uart5_can_trastion)
    uart5_init                               0x08003755   Thumb Code   154  usart5.o(i.uart5_init)
    uart_init                                0x080037fd   Thumb Code   152  usart.o(i.uart_init)
    __aeabi_d2f                              0x0800389d   Thumb Code     0  d2f.o(x$fpl$d2f)
    _d2f                                     0x0800389d   Thumb Code    98  d2f.o(x$fpl$d2f)
    __aeabi_ddiv                             0x08003901   Thumb Code     0  ddiv.o(x$fpl$ddiv)
    _ddiv                                    0x08003901   Thumb Code   552  ddiv.o(x$fpl$ddiv)
    __aeabi_ui2d                             0x08003bb1   Thumb Code     0  dflt_clz.o(x$fpl$dfltu)
    _dfltu                                   0x08003bb1   Thumb Code    38  dflt_clz.o(x$fpl$dfltu)
    __fpl_dnaninf                            0x08003bd7   Thumb Code   156  dnaninf.o(x$fpl$dnaninf)
    __fpl_dretinf                            0x08003c73   Thumb Code    12  dretinf.o(x$fpl$dretinf)
    __aeabi_fadd                             0x08003c81   Thumb Code     0  faddsub_clz.o(x$fpl$fadd)
    _fadd                                    0x08003c81   Thumb Code   196  faddsub_clz.o(x$fpl$fadd)
    __fpl_fcmp_Inf                           0x08003d45   Thumb Code    24  fcmpi.o(x$fpl$fcmpinf)
    __aeabi_fdiv                             0x08003d5d   Thumb Code     0  fdiv.o(x$fpl$fdiv)
    _fdiv                                    0x08003d5d   Thumb Code   384  fdiv.o(x$fpl$fdiv)
    __aeabi_i2f                              0x08003ee1   Thumb Code     0  fflt_clz.o(x$fpl$fflt)
    _fflt                                    0x08003ee1   Thumb Code    48  fflt_clz.o(x$fpl$fflt)
    __aeabi_cfcmple                          0x08003f11   Thumb Code     0  fleqf.o(x$fpl$fleqf)
    _fcmple                                  0x08003f11   Thumb Code   104  fleqf.o(x$fpl$fleqf)
    __fpl_fcmple_InfNaN                      0x08003f63   Thumb Code     0  fleqf.o(x$fpl$fleqf)
    __aeabi_fmul                             0x08003f79   Thumb Code     0  fmul.o(x$fpl$fmul)
    _fmul                                    0x08003f79   Thumb Code   258  fmul.o(x$fpl$fmul)
    __fpl_fnaninf                            0x0800407b   Thumb Code   140  fnaninf.o(x$fpl$fnaninf)
    __fpl_fretinf                            0x08004107   Thumb Code    10  fretinf.o(x$fpl$fretinf)
    __aeabi_cfrcmple                         0x08004111   Thumb Code     0  frleqf.o(x$fpl$frleqf)
    _frcmple                                 0x08004111   Thumb Code    98  frleqf.o(x$fpl$frleqf)
    __aeabi_fsub                             0x08004175   Thumb Code     0  faddsub_clz.o(x$fpl$fsub)
    _fsub                                    0x08004175   Thumb Code   234  faddsub_clz.o(x$fpl$fsub)
    __I$use$fp                               0x0800425e   Number         0  usenofp.o(x$fpl$usenofp)
    oled_asc2_1206                           0x0800435e   Data        1140  oled.o(.constdata)
    oled_asc2_1608                           0x080047d2   Data        1520  oled.o(.constdata)
    Region$$Table$$Base                      0x0800520c   Number         0  anon$$obj.o(Region$$Table)
    Region$$Table$$Limit                     0x0800522c   Number         0  anon$$obj.o(Region$$Table)
    receive_cnt2                             0x20000000   Data           2  main.o(.data)
    receive_cnt3                             0x20000002   Data           2  main.o(.data)
    receive_cnt4                             0x20000004   Data           2  main.o(.data)
    receive_cnt5                             0x20000006   Data           2  main.o(.data)
    receive_cnt2_old                         0x20000008   Data           2  main.o(.data)
    receive_cnt3_old                         0x2000000a   Data           2  main.o(.data)
    receive_cnt4_old                         0x2000000c   Data           2  main.o(.data)
    receive_cnt5_old                         0x2000000e   Data           2  main.o(.data)
    Lidar_1                                  0x20000010   Data           1  main.o(.data)
    Lidar_2                                  0x20000011   Data           1  main.o(.data)
    Lidar_3                                  0x20000012   Data           1  main.o(.data)
    Lidar_4                                  0x20000013   Data           1  main.o(.data)
    count                                    0x20000014   Data           1  main.o(.data)
    sec_count                                0x20000015   Data           1  main.o(.data)
    sec                                      0x20000018   Data           4  main.o(.data)
    CAN_Send_Data                            0x2000001c   Data           8  main.o(.data)
    oled_flag                                0x20000024   Data           1  main.o(.data)
    data_process_flag2                       0x20000025   Data           1  main.o(.data)
    data_process_flag3                       0x20000026   Data           1  main.o(.data)
    data_process_flag4                       0x20000027   Data           1  main.o(.data)
    data_process_flag5                       0x20000028   Data           1  main.o(.data)
    data_cnt2                                0x2000002a   Data           2  main.o(.data)
    data_cnt3                                0x2000002c   Data           2  main.o(.data)
    data_cnt4                                0x2000002e   Data           2  main.o(.data)
    data_cnt5                                0x20000030   Data           2  main.o(.data)
    range_Left                               0x20000034   Data           4  main.o(.data)
    range_Right                              0x20000038   Data           4  main.o(.data)
    angle_Left                               0x2000003c   Data           4  main.o(.data)
    angle_Right                              0x20000040   Data           4  main.o(.data)
    USE_CAN_FLAG                             0x20000044   Data           1  main.o(.data)
    Lidar_Distance                           0x20000046   Data           8  main.o(.data)
    SystemCoreClock                          0x20000050   Data           4  system_stm32f10x.o(.data)
    AHBPrescTable                            0x20000054   Data          16  system_stm32f10x.o(.data)
    __stdout                                 0x2000007c   Data           4  usart.o(.data)
    USART_RX_STA                             0x20000080   Data           2  usart.o(.data)
    Dataprocess2                             0x200000c8   Data        5600  main.o(.bss)
    Dataprocess3                             0x200016a8   Data        5600  main.o(.bss)
    Dataprocess4                             0x20002c88   Data        5600  main.o(.bss)
    Dataprocess5                             0x20004268   Data        5600  main.o(.bss)
    Dataprocess2_distance                    0x20005848   Data        1600  main.o(.bss)
    Dataprocess3_distance                    0x20005e88   Data        1600  main.o(.bss)
    Dataprocess4_distance                    0x200064c8   Data        1600  main.o(.bss)
    Dataprocess5_distance                    0x20006b08   Data        1600  main.o(.bss)
    USART2_Rx_Buf                            0x20007148   Data        2820  main.o(.bss)
    USART3_Rx_Buf                            0x20007c4c   Data        2820  main.o(.bss)
    USART4_Rx_Buf                            0x20008750   Data        2820  main.o(.bss)
    USART5_Rx_Buf                            0x20009254   Data        2820  main.o(.bss)
    OLED_GRAM                                0x20009d58   Data        1024  oled.o(.bss)
    Pack_Data2                               0x2000a158   Data          95  usart2.o(.bss)
    Pack_Data3                               0x2000a1b7   Data          95  usart3.o(.bss)
    Pack_Data4                               0x2000a216   Data          95  usart4.o(.bss)
    Pack_Data5                               0x2000a275   Data          95  usart5.o(.bss)
    __libspace_start                         0x2000a2d4   Data          96  libspace.o(.bss)
    __temporary_stack_top$libspace           0x2000a334   Data           0  libspace.o(.bss)



==============================================================================

Memory Map of the image

  Image Entry point : 0x08000131

  Load Region LR_IROM1 (Base: 0x08000000, Size: 0x000052f4, Max: 0x00040000, ABSOLUTE)

    Execution Region ER_IROM1 (Exec base: 0x08000000, Load base: 0x08000000, Size: 0x0000522c, Max: 0x00040000, ABSOLUTE)

    Exec Addr    Load Addr    Size         Type   Attr      Idx    E Section Name        Object

    0x08000000   0x08000000   0x00000130   Data   RO          286    RESET               startup_stm32f10x_hd.o
    0x08000130   0x08000130   0x00000008   Code   RO         3813  * !!!main             c_w.l(__main.o)
    0x08000138   0x08000138   0x00000034   Code   RO         4028    !!!scatter          c_w.l(__scatter.o)
    0x0800016c   0x0800016c   0x0000001a   Code   RO         4030    !!handler_copy      c_w.l(__scatter_copy.o)
    0x08000186   0x08000186   0x00000002   PAD
    0x08000188   0x08000188   0x0000001c   Code   RO         4032    !!handler_zi        c_w.l(__scatter_zi.o)
    0x080001a4   0x080001a4   0x00000000   Code   RO         3806    .ARM.Collect$$_printf_percent$$00000000  c_w.l(_printf_percent.o)
    0x080001a4   0x080001a4   0x00000006   Code   RO         3805    .ARM.Collect$$_printf_percent$$00000009  c_w.l(_printf_d.o)
    0x080001aa   0x080001aa   0x00000004   Code   RO         3856    .ARM.Collect$$_printf_percent$$00000017  c_w.l(_printf_percent_end.o)
    0x080001ae   0x080001ae   0x00000002   Code   RO         3900    .ARM.Collect$$libinit$$00000000  c_w.l(libinit.o)
    0x080001b0   0x080001b0   0x00000000   Code   RO         3907    .ARM.Collect$$libinit$$00000002  c_w.l(libinit2.o)
    0x080001b0   0x080001b0   0x00000000   Code   RO         3909    .ARM.Collect$$libinit$$00000004  c_w.l(libinit2.o)
    0x080001b0   0x080001b0   0x00000000   Code   RO         3912    .ARM.Collect$$libinit$$0000000A  c_w.l(libinit2.o)
    0x080001b0   0x080001b0   0x00000000   Code   RO         3914    .ARM.Collect$$libinit$$0000000C  c_w.l(libinit2.o)
    0x080001b0   0x080001b0   0x00000000   Code   RO         3916    .ARM.Collect$$libinit$$0000000E  c_w.l(libinit2.o)
    0x080001b0   0x080001b0   0x00000000   Code   RO         3919    .ARM.Collect$$libinit$$00000011  c_w.l(libinit2.o)
    0x080001b0   0x080001b0   0x00000000   Code   RO         3921    .ARM.Collect$$libinit$$00000013  c_w.l(libinit2.o)
    0x080001b0   0x080001b0   0x00000000   Code   RO         3923    .ARM.Collect$$libinit$$00000015  c_w.l(libinit2.o)
    0x080001b0   0x080001b0   0x00000000   Code   RO         3925    .ARM.Collect$$libinit$$00000017  c_w.l(libinit2.o)
    0x080001b0   0x080001b0   0x00000000   Code   RO         3927    .ARM.Collect$$libinit$$00000019  c_w.l(libinit2.o)
    0x080001b0   0x080001b0   0x00000000   Code   RO         3929    .ARM.Collect$$libinit$$0000001B  c_w.l(libinit2.o)
    0x080001b0   0x080001b0   0x00000000   Code   RO         3931    .ARM.Collect$$libinit$$0000001D  c_w.l(libinit2.o)
    0x080001b0   0x080001b0   0x00000000   Code   RO         3933    .ARM.Collect$$libinit$$0000001F  c_w.l(libinit2.o)
    0x080001b0   0x080001b0   0x00000000   Code   RO         3935    .ARM.Collect$$libinit$$00000021  c_w.l(libinit2.o)
    0x080001b0   0x080001b0   0x00000000   Code   RO         3937    .ARM.Collect$$libinit$$00000023  c_w.l(libinit2.o)
    0x080001b0   0x080001b0   0x00000000   Code   RO         3939    .ARM.Collect$$libinit$$00000025  c_w.l(libinit2.o)
    0x080001b0   0x080001b0   0x00000000   Code   RO         3943    .ARM.Collect$$libinit$$0000002C  c_w.l(libinit2.o)
    0x080001b0   0x080001b0   0x00000000   Code   RO         3945    .ARM.Collect$$libinit$$0000002E  c_w.l(libinit2.o)
    0x080001b0   0x080001b0   0x00000000   Code   RO         3947    .ARM.Collect$$libinit$$00000030  c_w.l(libinit2.o)
    0x080001b0   0x080001b0   0x00000000   Code   RO         3949    .ARM.Collect$$libinit$$00000032  c_w.l(libinit2.o)
    0x080001b0   0x080001b0   0x00000002   Code   RO         3950    .ARM.Collect$$libinit$$00000033  c_w.l(libinit2.o)
    0x080001b2   0x080001b2   0x00000002   Code   RO         3968    .ARM.Collect$$libshutdown$$00000000  c_w.l(libshutdown.o)
    0x080001b4   0x080001b4   0x00000000   Code   RO         3978    .ARM.Collect$$libshutdown$$00000002  c_w.l(libshutdown2.o)
    0x080001b4   0x080001b4   0x00000000   Code   RO         3980    .ARM.Collect$$libshutdown$$00000004  c_w.l(libshutdown2.o)
    0x080001b4   0x080001b4   0x00000000   Code   RO         3982    .ARM.Collect$$libshutdown$$00000006  c_w.l(libshutdown2.o)
    0x080001b4   0x080001b4   0x00000000   Code   RO         3985    .ARM.Collect$$libshutdown$$00000009  c_w.l(libshutdown2.o)
    0x080001b4   0x080001b4   0x00000000   Code   RO         3988    .ARM.Collect$$libshutdown$$0000000C  c_w.l(libshutdown2.o)
    0x080001b4   0x080001b4   0x00000000   Code   RO         3990    .ARM.Collect$$libshutdown$$0000000E  c_w.l(libshutdown2.o)
    0x080001b4   0x080001b4   0x00000000   Code   RO         3993    .ARM.Collect$$libshutdown$$00000011  c_w.l(libshutdown2.o)
    0x080001b4   0x080001b4   0x00000002   Code   RO         3994    .ARM.Collect$$libshutdown$$00000012  c_w.l(libshutdown2.o)
    0x080001b6   0x080001b6   0x00000000   Code   RO         3851    .ARM.Collect$$rtentry$$00000000  c_w.l(__rtentry.o)
    0x080001b6   0x080001b6   0x00000000   Code   RO         3869    .ARM.Collect$$rtentry$$00000002  c_w.l(__rtentry2.o)
    0x080001b6   0x080001b6   0x00000006   Code   RO         3881    .ARM.Collect$$rtentry$$00000004  c_w.l(__rtentry4.o)
    0x080001bc   0x080001bc   0x00000000   Code   RO         3871    .ARM.Collect$$rtentry$$00000009  c_w.l(__rtentry2.o)
    0x080001bc   0x080001bc   0x00000004   Code   RO         3872    .ARM.Collect$$rtentry$$0000000A  c_w.l(__rtentry2.o)
    0x080001c0   0x080001c0   0x00000000   Code   RO         3874    .ARM.Collect$$rtentry$$0000000C  c_w.l(__rtentry2.o)
    0x080001c0   0x080001c0   0x00000008   Code   RO         3875    .ARM.Collect$$rtentry$$0000000D  c_w.l(__rtentry2.o)
    0x080001c8   0x080001c8   0x00000002   Code   RO         3904    .ARM.Collect$$rtexit$$00000000  c_w.l(rtexit.o)
    0x080001ca   0x080001ca   0x00000000   Code   RO         3952    .ARM.Collect$$rtexit$$00000002  c_w.l(rtexit2.o)
    0x080001ca   0x080001ca   0x00000004   Code   RO         3953    .ARM.Collect$$rtexit$$00000003  c_w.l(rtexit2.o)
    0x080001ce   0x080001ce   0x00000006   Code   RO         3954    .ARM.Collect$$rtexit$$00000004  c_w.l(rtexit2.o)
    0x080001d4   0x080001d4   0x00000040   Code   RO          287    .text               startup_stm32f10x_hd.o
    0x08000214   0x08000214   0x00000002   Code   RO         3775    .text               c_w.l(use_no_semi_2.o)
    0x08000216   0x08000216   0x00000002   PAD
    0x08000218   0x08000218   0x00000018   Code   RO         3779    .text               c_w.l(noretval__2printf.o)
    0x08000230   0x08000230   0x00000068   Code   RO         3781    .text               c_w.l(__printf.o)
    0x08000298   0x08000298   0x00000078   Code   RO         3783    .text               c_w.l(_printf_dec.o)
    0x08000310   0x08000310   0x00000044   Code   RO         3807    .text               c_w.l(rt_memclr.o)
    0x08000354   0x08000354   0x0000004e   Code   RO         3809    .text               c_w.l(rt_memclr_w.o)
    0x080003a2   0x080003a2   0x00000006   Code   RO         3811    .text               c_w.l(heapauxi.o)
    0x080003a8   0x080003a8   0x00000002   Code   RO         3849    .text               c_w.l(use_no_semi.o)
    0x080003aa   0x080003aa   0x000000b2   Code   RO         3852    .text               c_w.l(_printf_intcommon.o)
    0x0800045c   0x0800045c   0x00000024   Code   RO         3854    .text               c_w.l(_printf_char_file.o)
    0x08000480   0x08000480   0x00000030   Code   RO         3883    .text               c_w.l(_printf_char_common.o)
    0x080004b0   0x080004b0   0x00000008   Code   RO         3885    .text               c_w.l(ferror.o)
    0x080004b8   0x080004b8   0x0000004a   Code   RO         3889    .text               c_w.l(sys_stackheap_outer.o)
    0x08000502   0x08000502   0x00000012   Code   RO         3893    .text               c_w.l(exit.o)
    0x08000514   0x08000514   0x00000008   Code   RO         3901    .text               c_w.l(libspace.o)
    0x0800051c   0x0800051c   0x0000000c   Code   RO          558    i.BKP_TamperPinCmd  stm32f10x_bkp.o
    0x08000528   0x08000528   0x00000004   Code   RO          150    i.BusFault_Handler  stm32f10x_it.o
    0x0800052c   0x0800052c   0x00000198   Code   RO         3483    i.CAN1_Mode_Init    can.o
    0x080006c4   0x080006c4   0x00000040   Code   RO         3489    i.CAN1_Send_Num     can.o
    0x08000704   0x08000704   0x0000010c   Code   RO         3490    i.CAN1_Tx_Msg       can.o
    0x08000810   0x08000810   0x00000084   Code   RO         3491    i.CAN1_Tx_Staus     can.o
    0x08000894   0x08000894   0x00000108   Code   RO          633    i.CAN_FilterInit    stm32f10x_can.o
    0x0800099c   0x0800099c   0x00000012   Code   RO          639    i.CAN_ITConfig      stm32f10x_can.o
    0x080009ae   0x080009ae   0x00000002   Code   RO          151    i.DebugMon_Handler  stm32f10x_it.o
    0x080009b0   0x080009b0   0x00000116   Code   RO         1442    i.GPIO_Init         stm32f10x_gpio.o
    0x08000ac6   0x08000ac6   0x00000004   Code   RO         1450    i.GPIO_SetBits      stm32f10x_gpio.o
    0x08000aca   0x08000aca   0x00000004   Code   RO          152    i.HardFault_Handler  stm32f10x_it.o
    0x08000ace   0x08000ace   0x00000002   PAD
    0x08000ad0   0x08000ad0   0x00000030   Code   RO         3292    i.JTAG_Set          sys.o
    0x08000b00   0x08000b00   0x0000002c   Code   RO         3566    i.KEY_Init          key.o
    0x08000b2c   0x08000b2c   0x000000b8   Code   RO         3567    i.Key               key.o
    0x08000be4   0x08000be4   0x00000038   Code   RO         3545    i.LED_Flash         led.o
    0x08000c1c   0x08000c1c   0x00000038   Code   RO         3546    i.LED_Init          led.o
    0x08000c54   0x08000c54   0x00000344   Code   RO         3605    i.Lidar1_Data_Deal  usart2.o
    0x08000f98   0x08000f98   0x00000344   Code   RO         3731    i.Lidar2_Data_Deal  usart5.o
    0x080012dc   0x080012dc   0x00000344   Code   RO         3689    i.Lidar3_Data_Deal  usart4.o
    0x08001620   0x08001620   0x00000344   Code   RO         3647    i.Lidar4_Data_Deal  usart3.o
    0x08001964   0x08001964   0x00000060   Code   RO         3568    i.Long_Press        key.o
    0x080019c4   0x080019c4   0x00000004   Code   RO          153    i.MemManage_Handler  stm32f10x_it.o
    0x080019c8   0x080019c8   0x00000002   Code   RO          154    i.NMI_Handler       stm32f10x_it.o
    0x080019ca   0x080019ca   0x00000002   PAD
    0x080019cc   0x080019cc   0x00000070   Code   RO          291    i.NVIC_Init         misc.o
    0x08001a3c   0x08001a3c   0x00000014   Code   RO          292    i.NVIC_PriorityGroupConfig  misc.o
    0x08001a50   0x08001a50   0x00000030   Code   RO         3373    i.OLED_Clear        oled.o
    0x08001a80   0x08001a80   0x00000068   Code   RO         3376    i.OLED_DrawPoint    oled.o
    0x08001ae8   0x08001ae8   0x00000154   Code   RO         3377    i.OLED_Init         oled.o
    0x08001c3c   0x08001c3c   0x0000004c   Code   RO         3378    i.OLED_Refresh_Gram  oled.o
    0x08001c88   0x08001c88   0x000000a8   Code   RO         3379    i.OLED_ShowChar     oled.o
    0x08001d30   0x08001d30   0x00000094   Code   RO         3380    i.OLED_ShowNumber   oled.o
    0x08001dc4   0x08001dc4   0x00000042   Code   RO         3381    i.OLED_ShowString   oled.o
    0x08001e06   0x08001e06   0x00000002   PAD
    0x08001e08   0x08001e08   0x00000058   Code   RO         3382    i.OLED_WR_Byte      oled.o
    0x08001e60   0x08001e60   0x0000000c   Code   RO         1796    i.PWR_BackupAccessCmd  stm32f10x_pwr.o
    0x08001e6c   0x08001e6c   0x00000002   Code   RO          155    i.PendSV_Handler    stm32f10x_it.o
    0x08001e6e   0x08001e6e   0x00000002   PAD
    0x08001e70   0x08001e70   0x00000020   Code   RO         1858    i.RCC_APB1PeriphClockCmd  stm32f10x_rcc.o
    0x08001e90   0x08001e90   0x00000020   Code   RO         1860    i.RCC_APB2PeriphClockCmd  stm32f10x_rcc.o
    0x08001eb0   0x08001eb0   0x000000d4   Code   RO         1868    i.RCC_GetClocksFreq  stm32f10x_rcc.o
    0x08001f84   0x08001f84   0x00000034   Code   RO         1876    i.RCC_LSEConfig     stm32f10x_rcc.o
    0x08001fb8   0x08001fb8   0x00000002   Code   RO          156    i.SVC_Handler       stm32f10x_it.o
    0x08001fba   0x08001fba   0x00000008   Code   RO          239    i.SetSysClock       system_stm32f10x.o
    0x08001fc2   0x08001fc2   0x00000002   PAD
    0x08001fc4   0x08001fc4   0x000000e0   Code   RO          240    i.SetSysClockTo72   system_stm32f10x.o
    0x080020a4   0x080020a4   0x00000028   Code   RO          295    i.SysTick_CLKSourceConfig  misc.o
    0x080020cc   0x080020cc   0x00000002   Code   RO          157    i.SysTick_Handler   stm32f10x_it.o
    0x080020ce   0x080020ce   0x00000002   PAD
    0x080020d0   0x080020d0   0x00000060   Code   RO          242    i.SystemInit        system_stm32f10x.o
    0x08002130   0x08002130   0x00000164   Code   RO         3463    i.TIM5_IRQHandler   time.o
    0x08002294   0x08002294   0x00000006   Code   RO         2486    i.TIM_ClearFlag     stm32f10x_tim.o
    0x0800229a   0x0800229a   0x00000006   Code   RO         2487    i.TIM_ClearITPendingBit  stm32f10x_tim.o
    0x080022a0   0x080022a0   0x00000018   Code   RO         2492    i.TIM_Cmd           stm32f10x_tim.o
    0x080022b8   0x080022b8   0x00000012   Code   RO         2512    i.TIM_GetFlagStatus  stm32f10x_tim.o
    0x080022ca   0x080022ca   0x00000012   Code   RO         2517    i.TIM_ITConfig      stm32f10x_tim.o
    0x080022dc   0x080022dc   0x000000a4   Code   RO         2563    i.TIM_TimeBaseInit  stm32f10x_tim.o
    0x08002380   0x08002380   0x0000006c   Code   RO         3690    i.UART4_IRQHandler  usart4.o
    0x080023ec   0x080023ec   0x0000006c   Code   RO         3732    i.UART5_IRQHandler  usart5.o
    0x08002458   0x08002458   0x0000001c   Code   RO         3325    i.USART1_IRQHandler  usart.o
    0x08002474   0x08002474   0x0000006c   Code   RO         3606    i.USART2_IRQHandler  usart2.o
    0x080024e0   0x080024e0   0x0000006c   Code   RO         3648    i.USART3_IRQHandler  usart3.o
    0x0800254c   0x0800254c   0x0000001e   Code   RO         3079    i.USART_ClearITPendingBit  stm32f10x_usart.o
    0x0800256a   0x0800256a   0x00000018   Code   RO         3082    i.USART_Cmd         stm32f10x_usart.o
    0x08002582   0x08002582   0x00000054   Code   RO         3086    i.USART_GetITStatus  stm32f10x_usart.o
    0x080025d6   0x080025d6   0x0000004a   Code   RO         3088    i.USART_ITConfig    stm32f10x_usart.o
    0x08002620   0x08002620   0x000000d8   Code   RO         3089    i.USART_Init        stm32f10x_usart.o
    0x080026f8   0x080026f8   0x0000000a   Code   RO         3096    i.USART_ReceiveData  stm32f10x_usart.o
    0x08002702   0x08002702   0x00000004   Code   RO          158    i.UsageFault_Handler  stm32f10x_it.o
    0x08002706   0x08002706   0x00000004   Code   RO         3326    i._sys_exit         usart.o
    0x0800270a   0x0800270a   0x00000002   PAD
    0x0800270c   0x0800270c   0x00000050   Code   RO         3569    i.click             key.o
    0x0800275c   0x0800275c   0x0000021c   Code   RO         3607    i.data_process2     usart2.o
    0x08002978   0x08002978   0x0000021c   Code   RO         3649    i.data_process3     usart3.o
    0x08002b94   0x08002b94   0x0000021c   Code   RO         3691    i.data_process4     usart4.o
    0x08002db0   0x08002db0   0x0000021c   Code   RO         3733    i.data_process5     usart5.o
    0x08002fcc   0x08002fcc   0x00000044   Code   RO         3258    i.delay_init        delay.o
    0x08003010   0x08003010   0x0000004c   Code   RO         3259    i.delay_ms          delay.o
    0x0800305c   0x0800305c   0x0000001c   Code   RO         3327    i.fputc             usart.o
    0x08003078   0x08003078   0x000000a0   Code   RO            1    i.main              main.o
    0x08003118   0x08003118   0x00000016   Code   RO         3383    i.oled_pow          oled.o
    0x0800312e   0x0800312e   0x00000002   PAD
    0x08003130   0x08003130   0x000001b8   Code   RO         3384    i.oled_show         oled.o
    0x080032e8   0x080032e8   0x00000068   Code   RO         3464    i.time5_init        time.o
    0x08003350   0x08003350   0x00000084   Code   RO         3608    i.uart2_can_trastion  usart2.o
    0x080033d4   0x080033d4   0x000000a4   Code   RO         3609    i.uart2_init        usart2.o
    0x08003478   0x08003478   0x00000084   Code   RO         3650    i.uart3_can_trastion  usart3.o
    0x080034fc   0x080034fc   0x000000a8   Code   RO         3651    i.uart3_init        usart3.o
    0x080035a4   0x080035a4   0x00000084   Code   RO         3692    i.uart4_can_trastion  usart4.o
    0x08003628   0x08003628   0x000000a8   Code   RO         3693    i.uart4_init        usart4.o
    0x080036d0   0x080036d0   0x00000084   Code   RO         3734    i.uart5_can_trastion  usart5.o
    0x08003754   0x08003754   0x000000a8   Code   RO         3735    i.uart5_init        usart5.o
    0x080037fc   0x080037fc   0x000000a0   Code   RO         3328    i.uart_init         usart.o
    0x0800389c   0x0800389c   0x00000062   Code   RO         3815    x$fpl$d2f           fz_ws.l(d2f.o)
    0x080038fe   0x080038fe   0x00000002   PAD
    0x08003900   0x08003900   0x000002b0   Code   RO         3818    x$fpl$ddiv          fz_ws.l(ddiv.o)
    0x08003bb0   0x08003bb0   0x00000026   Code   RO         3821    x$fpl$dfltu         fz_ws.l(dflt_clz.o)
    0x08003bd6   0x08003bd6   0x0000009c   Code   RO         3857    x$fpl$dnaninf       fz_ws.l(dnaninf.o)
    0x08003c72   0x08003c72   0x0000000c   Code   RO         3859    x$fpl$dretinf       fz_ws.l(dretinf.o)
    0x08003c7e   0x08003c7e   0x00000002   PAD
    0x08003c80   0x08003c80   0x000000c4   Code   RO         3827    x$fpl$fadd          fz_ws.l(faddsub_clz.o)
    0x08003d44   0x08003d44   0x00000018   Code   RO         3861    x$fpl$fcmpinf       fz_ws.l(fcmpi.o)
    0x08003d5c   0x08003d5c   0x00000184   Code   RO         3834    x$fpl$fdiv          fz_ws.l(fdiv.o)
    0x08003ee0   0x08003ee0   0x00000030   Code   RO         3838    x$fpl$fflt          fz_ws.l(fflt_clz.o)
    0x08003f10   0x08003f10   0x00000068   Code   RO         3843    x$fpl$fleqf         fz_ws.l(fleqf.o)
    0x08003f78   0x08003f78   0x00000102   Code   RO         3845    x$fpl$fmul          fz_ws.l(fmul.o)
    0x0800407a   0x0800407a   0x0000008c   Code   RO         3863    x$fpl$fnaninf       fz_ws.l(fnaninf.o)
    0x08004106   0x08004106   0x0000000a   Code   RO         3865    x$fpl$fretinf       fz_ws.l(fretinf.o)
    0x08004110   0x08004110   0x00000062   Code   RO         3847    x$fpl$frleqf        fz_ws.l(frleqf.o)
    0x08004172   0x08004172   0x00000002   PAD
    0x08004174   0x08004174   0x000000ea   Code   RO         3829    x$fpl$fsub          fz_ws.l(faddsub_clz.o)
    0x0800425e   0x0800425e   0x00000000   Code   RO         3867    x$fpl$usenofp       fz_ws.l(usenofp.o)
    0x0800425e   0x0800425e   0x00000b64   Data   RO         3386    .constdata          oled.o
    0x08004dc2   0x08004dc2   0x00000100   Data   RO         3611    .constdata          usart2.o
    0x08004ec2   0x08004ec2   0x00000100   Data   RO         3653    .constdata          usart3.o
    0x08004fc2   0x08004fc2   0x00000100   Data   RO         3695    .constdata          usart4.o
    0x080050c2   0x080050c2   0x00000100   Data   RO         3737    .constdata          usart5.o
    0x080051c2   0x080051c2   0x00000002   PAD
    0x080051c4   0x080051c4   0x00000048   Data   RO         3387    .conststring        oled.o
    0x0800520c   0x0800520c   0x00000020   Data   RO         4026    Region$$Table       anon$$obj.o


    Execution Region RW_IRAM1 (Exec base: 0x20000000, Load base: 0x0800522c, Size: 0x0000a938, Max: 0x0000c000, ABSOLUTE)

    Exec Addr    Load Addr    Size         Type   Attr      Idx    E Section Name        Object

    0x20000000   0x0800522c   0x0000004e   Data   RW            4    .data               main.o
    0x2000004e   0x0800527a   0x00000002   PAD
    0x20000050   0x0800527c   0x00000014   Data   RW          243    .data               system_stm32f10x.o
    0x20000064   0x08005290   0x00000014   Data   RW         1888    .data               stm32f10x_rcc.o
    0x20000078   0x080052a4   0x00000004   Data   RW         3262    .data               delay.o
    0x2000007c   0x080052a8   0x00000006   Data   RW         3332    .data               usart.o
    0x20000082   0x080052ae   0x00000002   PAD
    0x20000084   0x080052b0   0x00000004   Data   RW         3548    .data               led.o
    0x20000088   0x080052b4   0x0000000e   Data   RW         3572    .data               key.o
    0x20000096   0x080052c2   0x00000002   PAD
    0x20000098   0x080052c4   0x0000000c   Data   RW         3612    .data               usart2.o
    0x200000a4   0x080052d0   0x0000000c   Data   RW         3654    .data               usart3.o
    0x200000b0   0x080052dc   0x0000000c   Data   RW         3696    .data               usart4.o
    0x200000bc   0x080052e8   0x0000000c   Data   RW         3738    .data               usart5.o
    0x200000c8        -       0x00009c90   Zero   RW            2    .bss                main.o
    0x20009d58        -       0x00000400   Zero   RW         3385    .bss                oled.o
    0x2000a158        -       0x0000005f   Zero   RW         3610    .bss                usart2.o
    0x2000a1b7        -       0x0000005f   Zero   RW         3652    .bss                usart3.o
    0x2000a216        -       0x0000005f   Zero   RW         3694    .bss                usart4.o
    0x2000a275        -       0x0000005f   Zero   RW         3736    .bss                usart5.o
    0x2000a2d4        -       0x00000060   Zero   RW         3902    .bss                c_w.l(libspace.o)
    0x2000a334   0x080052f4   0x00000004   PAD
    0x2000a338        -       0x00000200   Zero   RW          285    HEAP                startup_stm32f10x_hd.o
    0x2000a538        -       0x00000400   Zero   RW          284    STACK               startup_stm32f10x_hd.o


==============================================================================

Image component sizes


      Code (inc. data)   RO Data    RW Data    ZI Data      Debug   Object Name

       872         24          0          0          0       3511   can.o
         0          0          0          0          0         32   core_cm3.o
       144         22          0          4          0       1236   delay.o
       404         52          0         14          0       3119   key.o
       112         18          0          4          0        975   led.o
       160         12          0         78      40080     264847   main.o
       172         22          0          0          0       2077   misc.o
      1500        172       2988          0       1024       7892   oled.o
        64         26        304          0       1536        796   startup_stm32f10x_hd.o
        12          6          0          0          0        511   stm32f10x_bkp.o
       282          6          0          0          0       2176   stm32f10x_can.o
       282          0          0          0          0       2511   stm32f10x_gpio.o
        26          0          0          0          0       3750   stm32f10x_it.o
        12          6          0          0          0        514   stm32f10x_pwr.o
       328         38          0         20          0       4998   stm32f10x_rcc.o
       236         42          0          0          0       4048   stm32f10x_tim.o
       438          6          0          0          0       5672   stm32f10x_usart.o
        48         10          0          0          0        475   sys.o
       328         28          0         20          0       2117   system_stm32f10x.o
       460         84          0          0          0       1179   time.o
       220         16          0          6          0       4104   usart.o
      1780        138        256         12         95       3886   usart2.o
      1784        138        256         12         95       3890   usart3.o
      1784        138        256         12         95       3889   usart4.o
      1784        142        256         12         95       3889   usart5.o

    ----------------------------------------------------------------------
     13248       1146       4350        200      43020     332094   Object Totals
         0          0         32          0          0          0   (incl. Generated)
        16          0          2          6          0          0   (incl. Padding)

    ----------------------------------------------------------------------

      Code (inc. data)   RO Data    RW Data    ZI Data      Debug   Library Member Name

         8          0          0          0          0         68   __main.o
       104          0          0          0          0         84   __printf.o
         0          0          0          0          0          0   __rtentry.o
        12          0          0          0          0          0   __rtentry2.o
         6          0          0          0          0          0   __rtentry4.o
        52          8          0          0          0          0   __scatter.o
        26          0          0          0          0          0   __scatter_copy.o
        28          0          0          0          0          0   __scatter_zi.o
        48          6          0          0          0         96   _printf_char_common.o
        36          4          0          0          0         80   _printf_char_file.o
         6          0          0          0          0          0   _printf_d.o
       120         16          0          0          0         92   _printf_dec.o
       178          0          0          0          0         88   _printf_intcommon.o
         0          0          0          0          0          0   _printf_percent.o
         4          0          0          0          0          0   _printf_percent_end.o
        18          0          0          0          0         80   exit.o
         8          0          0          0          0         68   ferror.o
         6          0          0          0          0        152   heapauxi.o
         2          0          0          0          0          0   libinit.o
         2          0          0          0          0          0   libinit2.o
         2          0          0          0          0          0   libshutdown.o
         2          0          0          0          0          0   libshutdown2.o
         8          4          0          0         96         68   libspace.o
        24          4          0          0          0         84   noretval__2printf.o
        68          0          0          0          0         68   rt_memclr.o
        78          0          0          0          0         80   rt_memclr_w.o
         2          0          0          0          0          0   rtexit.o
        10          0          0          0          0          0   rtexit2.o
        74          0          0          0          0         80   sys_stackheap_outer.o
         2          0          0          0          0         68   use_no_semi.o
         2          0          0          0          0         68   use_no_semi_2.o
        98          4          0          0          0         92   d2f.o
       688        140          0          0          0        208   ddiv.o
        38          0          0          0          0         68   dflt_clz.o
       156          4          0          0          0         92   dnaninf.o
        12          0          0          0          0         68   dretinf.o
       430          8          0          0          0        168   faddsub_clz.o
        24          0          0          0          0         68   fcmpi.o
       388         76          0          0          0         96   fdiv.o
        48          0          0          0          0         68   fflt_clz.o
       104          4          0          0          0         84   fleqf.o
       258          4          0          0          0         84   fmul.o
       140          4          0          0          0         84   fnaninf.o
        10          0          0          0          0         68   fretinf.o
        98          0          0          0          0         68   frleqf.o
         0          0          0          0          0          0   usenofp.o

    ----------------------------------------------------------------------
      3438        286          0          0        100       2640   Library Totals
        10          0          0          0          4          0   (incl. Padding)

    ----------------------------------------------------------------------

      Code (inc. data)   RO Data    RW Data    ZI Data      Debug   Library Name

       936         42          0          0         96       1324   c_w.l
      2492        244          0          0          0       1316   fz_ws.l

    ----------------------------------------------------------------------
      3438        286          0          0        100       2640   Library Totals

    ----------------------------------------------------------------------

==============================================================================


      Code (inc. data)   RO Data    RW Data    ZI Data      Debug   

     16686       1432       4350        200      43120     329062   Grand Totals
     16686       1432       4350        200      43120     329062   ELF Image Totals
     16686       1432       4350        200          0          0   ROM Totals

==============================================================================

    Total RO  Size (Code + RO Data)                21036 (  20.54kB)
    Total RW  Size (RW Data + ZI Data)             43320 (  42.30kB)
    Total ROM Size (Code + RO Data + RW Data)      21236 (  20.74kB)

==============================================================================

